<html>
<body>
<pre>
<h1>µVision Build Log</h1>
<h2>Tool Versions:</h2>
IDE-Version: µVision V5.29.0.0
Copyright (C) 2019 ARM Ltd and ARM Germany GmbH. All rights reserved.
License Information: Gene Ball, Literacy Bridge, LIC=7YKHL-JSHAQ-C6YVZ-HAZMR-62JWP-CELZ6
 
Tool Versions:
Toolchain:       MDK-ARM Professional  Version: 5.29.0.0
Toolchain Path:  C:\Keil_v5\ARM\ARMCC\Bin
C Compiler:      Armcc.exe V5.06 update 6 (build 750)
Assembler:       Armasm.exe V5.06 update 6 (build 750)
Linker/Locator:  ArmLink.exe V5.06 update 6 (build 750)
Library Manager: ArmAr.exe V5.06 update 6 (build 750)
Hex Converter:   FromElf.exe V5.06 update 6 (build 750)
CPU DLL:         SARMCM3.DLL V5.29.0.0
Dialog DLL:      DCM.DLL V1.17.3.0
Target DLL:      STLink\ST-LINKIII-KEIL_SWO.dll V3.0.7.0
Dialog DLL:      TCM.DLL V1.36.5.0
 
<h2>Project:</h2>
C:\Silver6TB\AmplioSTM\TBook\TBookRev2b_18Mar\TBook_Rev2b.uvprojx
Project File Date:  06/08/2020

<h2>Output:</h2>
*** Using Compiler 'V5.06 update 6 (build 750)', folder: 'C:\Keil_v5\ARM\ARMCC\Bin'
Build target 'TBv2b'
compiling main.c...
compiling ak4xxx.c...
linking...
Program Size: Code=133032 RO-data=6392 RW-data=34908 ZI-data=102112  
FromELF: creating hex file...
.\Objects\TBookRev2b.hex: Warning: Q9931W: Your license for feature Keil will expire in 19 days
Finished: 0 information, 1 warning and 0 error messages.
".\Objects\TBookRev2b.axf" - 0 Error(s), 0 Warning(s).

<h2>Software Packages used:</h2>

Package Vendor: ARM
                http://www.keil.com/pack/ARM.CMSIS.5.6.0.pack
                ARM.CMSIS.5.6.0
                CMSIS (Cortex Microcontroller Software Interface Standard)
   * Component: Flash Version: 2.2.0
   * Component: I2C Version: 2.3.0
   * Component: MCI Version: 2.3.0
   * Component: SPI Version: 2.2.0
   * Component: USB Device Version: 2.2.0
   * Component: RTOS2 Version: 2.1.3
   * Component: Custom Version: 2.2.0
   * Component: CORE Version: 5.3.0
   * Component: Keil RTX5 Variant: Source Version: 5.5.1

Package Vendor: Keil
                http://www.keil.com/pack/Keil.STM32F4xx_DFP.2.13.0.pack
                Keil.STM32F4xx_DFP.2.13.0
                STMicroelectronics STM32F4 Series Device Support, Drivers and Examples
   * Component: STM32Cube Framework Version: 1.0.0
   * Component: I2C Version: 2.8
   * Component: MCI Version: 2.8
   * Component: SPI Version: 2.11
   * Component: Full-speed Version: 2.19
   * Component: Classic Version: 1.7.4
   * Component: ADC Version: 1.7.4
   * Component: Common Version: 1.7.4
   * Component: Cortex Version: 1.7.4
   * Component: DMA Version: 1.7.4
   * Component: Flash Version: 1.7.4
   * Component: GPIO Version: 1.7.4
   * Component: I2C Version: 1.7.4
   * Component: NAND Version: 1.7.4
   * Component: NOR Version: 1.7.4
   * Component: PWR Version: 1.7.4
   * Component: QSPI Version: 1.7.4
   * Component: RCC Version: 1.7.4
   * Component: SPI Version: 1.7.4
   * Component: Startup Version: 2.6.2

<h2>Collection of Component include folders:</h2>
  .\RTE\_TBv2b
  C:\Keil_v5\ARM\PACK\ARM\CMSIS\5.6.0\CMSIS\Driver\Include
  C:\Keil_v5\ARM\PACK\Keil\STM32F4xx_DFP\2.13.0\Drivers\CMSIS\Device\ST\STM32F4xx\Include

<h2>Collection of Component Files used:</h2>

   * Component: ::CMSIS Driver:Flash:2.2.0 (API)
      Include file:  CMSIS\Driver\Include\Driver_Flash.h

   * Component: ::CMSIS Driver:I2C:2.3.0 (API)
      Include file:  CMSIS\Driver\Include\Driver_I2C.h

   * Component: ::CMSIS Driver:MCI:2.3.0 (API)
      Include file:  CMSIS\Driver\Include\Driver_MCI.h

   * Component: ::CMSIS Driver:SPI:2.2.0 (API)
      Include file:  CMSIS\Driver\Include\Driver_SPI.h

   * Component: ::CMSIS Driver:USB Device:2.2.0 (API)
      Include file:  CMSIS\Driver\Include\Driver_USBD.h

   * Component: ::CMSIS:RTOS2:2.1.3 (API)
      Include file:  CMSIS\RTOS2\Include\cmsis_os2.h

   * Component: ::Device:STM32Cube Framework:1.0.0 (API)

   * Component: ARM::CMSIS Driver:Flash:Custom:2.2.0
      Include file:  CMSIS\Driver\Include\Driver_Flash.h
      Source file:   CMSIS\Driver\DriverTemplates\Driver_Flash.c

   * Component: ARM::CMSIS:CORE:5.3.0

   * Component: ARM::CMSIS:RTOS2:Keil RTX5:Source:5.5.1
      Source file:   CMSIS\RTOS2\RTX\Template\MemPool.c
      Include file:  CMSIS\RTOS2\RTX\Config\RTX_Config.h
      Source file:   CMSIS\RTOS2\RTX\Template\main.c
      Source file:   CMSIS\RTOS2\RTX\Config\RTX_Config.c
      Source file:   CMSIS\RTOS2\RTX\Template\Events.c
      Source file:   CMSIS\RTOS2\RTX\Template\MsgQueue.c
      Source file:   CMSIS\RTOS2\RTX\Template\Mutex.c
      Source file:   CMSIS\RTOS2\RTX\Template\Semaphore.c
      Source file:   CMSIS\RTOS2\RTX\Template\Thread.c
      Include file:  CMSIS\RTOS2\RTX\Include\rtx_os.h
      Source file:   CMSIS\RTOS2\RTX\Template\Timer.c
      Source file:   CMSIS\RTOS2\RTX\Template\svc_user.c
      Source file:   CMSIS\RTOS2\RTX\Source\rtx_delay.c
      Source file:   CMSIS\RTOS2\RTX\Source\rtx_evflags.c
      Source file:   CMSIS\RTOS2\RTX\Source\rtx_msgqueue.c
      Source file:   CMSIS\RTOS2\RTX\Source\rtx_memory.c
      Source file:   CMSIS\RTOS2\RTX\Source\ARM\irq_cm4f.s
      Source file:   CMSIS\RTOS2\RTX\Source\rtx_mutex.c
      Source file:   CMSIS\RTOS2\RTX\Source\rtx_mempool.c
      Source file:   CMSIS\RTOS2\RTX\Source\rtx_evr.c
      Source file:   CMSIS\RTOS2\RTX\Source\rtx_semaphore.c
      Source file:   CMSIS\RTOS2\RTX\Source\rtx_kernel.c
      Source file:   CMSIS\RTOS2\RTX\Source\rtx_thread.c
      Source file:   CMSIS\RTOS2\RTX\Source\rtx_lib.c
      Source file:   CMSIS\RTOS2\RTX\Source\rtx_system.c
      Source file:   CMSIS\RTOS2\RTX\Source\rtx_timer.c
      Source file:   CMSIS\RTOS2\Source\os_systick.c

   * Component: Keil.ARM Compiler::Compiler:Event Recorder:DAP:1.4.0
      Source file:   Source\EventRecorder.c
      Include file:  Config\EventRecorderConf.h
      Include file:  Include\EventRecorder.h

   * Component: Keil.ARM Compiler::Compiler:I/O:File:File System:1.2.0
      Source file:   Source\retarget_io.c

   * Component: Keil.ARM Compiler::Compiler:I/O:STDOUT:User:1.2.0
      Source file:   Template\stdout_display.c
      Source file:   Template\stdout_user.c
      Source file:   Source\retarget_io.c
      Source file:   Template\stdout_USART.c

   * Component: Keil.MDK-Plus::File System:CORE:LFN Debug:6.13.0
      Include file:  FileSystem\Include\rl_fs.h
      Source file:   FileSystem\Config\FS_Config.c
      Source file:   FileSystem\Config\FS_Debug.c
      Library file:  FileSystem\Lib\ARM\FS_Dbg_LFN_CM3_L.lib

   * Component: Keil.MDK-Plus::File System:Drive:Memory Card:6.13.0
      Include file:  FileSystem\Config\FS_Config_MC.h

   * Component: Keil.MDK-Plus::File System:Drive:NAND:6.13.0
      Include file:  FileSystem\Config\FS_Config_NAND.h

   * Component: Keil.MDK-Plus::File System:Drive:NOR:6.13.0
      Include file:  FileSystem\Config\FS_Config_NOR.h

   * Component: Keil.MDK-Plus::USB:CORE:Debug:6.13.7
      Library file:  USB\Lib\ARM\USB_Dbg_CM3_L.lib
      Source file:   USB\Config\USB_Debug.c
      Include file:  USB\Include\rl_usb.h

   * Component: Keil.MDK-Plus::USB:Device:6.13.7
      Source file:   USB\Template\USBD_User_Device_SerNum.c
      Source file:   USB\Template\USBD_User_Device.c
      Source file:   USB\Config\USBD_Config.c

   * Component: Keil.MDK-Plus::USB:Device:MSC:6.13.7
      Source file:   USB\Template\USBD_User_MSC_LUN.c
      Source file:   USB\Template\USBD_User_MSC.c
      Source file:   USB\Template\USBD_MSC.c
      Include file:  USB\Config\USBD_Config_MSC.h
      Source file:   USB\Template\USBD_MSC.h

   * Component: Keil::CMSIS Driver:Flash:AT45DB641E:1.3.0
      Source file:   Flash\AT45DB641E\AT45DB641E.c

   * Component: Keil::CMSIS Driver:Flash:AT45DB642D:1.3.0
      Source file:   Flash\AT45DB642D\AT45DB642D.c

   * Component: Keil::CMSIS Driver:Flash:N25Q032A:1.1.0
      Source file:   Flash\N25Q032A\N25Q032A.c

   * Component: Keil::CMSIS Driver:I2C:2.8
      Source file:   CMSIS\Driver\I2C_STM32F4xx.c

   * Component: Keil::CMSIS Driver:MCI:2.8
      Source file:   CMSIS\Driver\MCI_STM32F4xx.c

   * Component: Keil::CMSIS Driver:SPI:2.11
      Source file:   CMSIS\Driver\SPI_STM32F4xx.c

   * Component: Keil::CMSIS Driver:USB Device:Full-speed:2.19
      Source file:   CMSIS\Driver\USBD_FS_STM32F4xx.c
      Source file:   CMSIS\Driver\OTG_FS_STM32F4xx.c

   * Component: Keil::Device:STM32Cube Framework:Classic:1.7.4
      Source file:   MDK\Templates\Src\stm32f4xx_hal_msp.c
      Include file:  CMSIS\Driver\Config\RTE_Device.h
      Include file:  MDK\Templates\Inc\stm32f4xx_hal_conf.h
      Include file:  MDK\Templates\Inc\stm32f4xx_it.h
      Include file:  MDK\Templates\Inc\main.h
      Source file:   MDK\Templates\Src\main.c
      Source file:   MDK\Templates_LL\Src\main.c
      Source file:   MDK\Templates\Src\stm32f4xx_it.c
      Include file:  MDK\Templates_LL\Inc\main.h

   * Component: Keil::Device:STM32Cube HAL:ADC:1.7.4
      Source file:   Drivers\STM32F4xx_HAL_Driver\Src\stm32f4xx_hal_adc_ex.c
      Source file:   Drivers\STM32F4xx_HAL_Driver\Src\stm32f4xx_hal_adc.c

   * Component: Keil::Device:STM32Cube HAL:Common:1.7.4
      Include file:  Drivers\STM32F4xx_HAL_Driver\Inc\stm32f4xx_hal.h
      Source file:   Drivers\STM32F4xx_HAL_Driver\Src\stm32f4xx_hal.c

   * Component: Keil::Device:STM32Cube HAL:Cortex:1.7.4
      Source file:   Drivers\STM32F4xx_HAL_Driver\Src\stm32f4xx_hal_cortex.c

   * Component: Keil::Device:STM32Cube HAL:DMA:1.7.4
      Source file:   Drivers\STM32F4xx_HAL_Driver\Src\stm32f4xx_hal_dma_ex.c
      Source file:   Drivers\STM32F4xx_HAL_Driver\Src\stm32f4xx_hal_dma.c

   * Component: Keil::Device:STM32Cube HAL:Flash:1.7.4
      Source file:   Drivers\STM32F4xx_HAL_Driver\Src\stm32f4xx_hal_flash_ex.c
      Source file:   Drivers\STM32F4xx_HAL_Driver\Src\stm32f4xx_hal_flash.c

   * Component: Keil::Device:STM32Cube HAL:GPIO:1.7.4
      Source file:   Drivers\STM32F4xx_HAL_Driver\Src\stm32f4xx_hal_gpio.c

   * Component: Keil::Device:STM32Cube HAL:I2C:1.7.4
      Source file:   Drivers\STM32F4xx_HAL_Driver\Src\stm32f4xx_hal_i2c.c

   * Component: Keil::Device:STM32Cube HAL:NAND:1.7.4
      Source file:   Drivers\STM32F4xx_HAL_Driver\Src\stm32f4xx_hal_nand.c

   * Component: Keil::Device:STM32Cube HAL:NOR:1.7.4
      Source file:   Drivers\STM32F4xx_HAL_Driver\Src\stm32f4xx_hal_nor.c

   * Component: Keil::Device:STM32Cube HAL:PWR:1.7.4
      Source file:   Drivers\STM32F4xx_HAL_Driver\Src\stm32f4xx_hal_pwr.c
      Source file:   Drivers\STM32F4xx_HAL_Driver\Src\stm32f4xx_hal_pwr_ex.c

   * Component: Keil::Device:STM32Cube HAL:QSPI:1.7.4
      Source file:   Drivers\STM32F4xx_HAL_Driver\Src\stm32f4xx_hal_qspi.c

   * Component: Keil::Device:STM32Cube HAL:RCC:1.7.4
      Source file:   Drivers\STM32F4xx_HAL_Driver\Src\stm32f4xx_hal_rcc_ex.c
      Source file:   Drivers\STM32F4xx_HAL_Driver\Src\stm32f4xx_hal_rcc.c

   * Component: Keil::Device:STM32Cube HAL:SPI:1.7.4
      Source file:   Drivers\STM32F4xx_HAL_Driver\Src\stm32f4xx_hal_spi.c

   * Component: Keil::Device:Startup:2.6.2
      Source file:   Drivers\CMSIS\Device\ST\STM32F4xx\Source\Templates\arm\startup_stm32f412vx.s
      Source file:   MDK\Device\Source\ARM\STM32F4xx_OTP.s
      Include file:  Drivers\CMSIS\Device\ST\STM32F4xx\Include\stm32f4xx.h
      Source file:   MDK\Device\Source\ARM\STM32F410xx_412xx_OPT.s
      Source file:   Drivers\CMSIS\Device\ST\STM32F4xx\Source\Templates\system_stm32f4xx.c
Build Time Elapsed:  00:00:03
</pre>
</body>
</html>
