<!doctype html public "-//w3c//dtd html 4.0 transitional//en">
<html><head>
<title>Static Call Graph - [.\Objects\TBookRev2b.axf]</title></head>
<body><HR>
<H1>Static Call Graph for image .\Objects\TBookRev2b.axf</H1><HR>
<BR><P>#&#060CALLGRAPH&#062# ARM Linker, 5060750: Last Updated: Thu Apr 16 10:11:42 2020
<BR><P>
<H3>Maximum Stack Usage =       2232 bytes + Unknown(Functions without stacksize, Cycles, Untraceable Function Pointers)</H3><H3>
Call chain for Maximum Stack Depth:</H3>
talking_book &rArr; initControlManager &rArr; readControlDef &rArr; parseFile &rArr; parseValue &rArr; parseLstObj &rArr;  parseValue (Cycle)
<P>
<H3>
Functions with no stack information
</H3><UL>
 <LI><a href="#[d]">BusFault_Handler</a>
 <LI><a href="#[b]">HardFault_Handler</a>
 <LI><a href="#[c]">MemManage_Handler</a>
 <LI><a href="#[a]">NMI_Handler</a>
 <LI><a href="#[e]">UsageFault_Handler</a>
 <LI><a href="#[1b4]">__user_initial_stackheap</a>
</UL>
</UL>
<P>
<H3>
Mutually Recursive functions
</H3> <LI><a href="#[10]">DebugMon_Handler</a>&nbsp;&nbsp;&nbsp;&rArr;&nbsp;&nbsp;&nbsp;<a href="#[10]">DebugMon_Handler</a><BR>
 <LI><a href="#[25]">ADC_IRQHandler</a>&nbsp;&nbsp;&nbsp;&rArr;&nbsp;&nbsp;&nbsp;<a href="#[25]">ADC_IRQHandler</a><BR>
 <LI><a href="#[3c5]">enableInputs</a>&nbsp;&nbsp;&nbsp;&rArr;&nbsp;&nbsp;&nbsp;<a href="#[1d6]">handleInterrupt</a><BR>
 <LI><a href="#[1cc]">Codec_WrReg</a>&nbsp;&nbsp;&nbsp;&rArr;&nbsp;&nbsp;&nbsp;<a href="#[1cc]">Codec_WrReg</a><BR>
 <LI><a href="#[4c8]">toVS</a>&nbsp;&nbsp;&nbsp;&rArr;&nbsp;&nbsp;&nbsp;<a href="#[4c8]">toVS</a><BR>
 <LI><a href="#[432]">verifyEnum</a>&nbsp;&nbsp;&nbsp;&rArr;&nbsp;&nbsp;&nbsp;<a href="#[346]">toTkn</a><BR>
 <LI><a href="#[348]">tokenize</a>&nbsp;&nbsp;&nbsp;&rArr;&nbsp;&nbsp;&nbsp;<a href="#[346]">toTkn</a><BR>
 <LI><a href="#[345]">addGroup</a>&nbsp;&nbsp;&nbsp;&rArr;&nbsp;&nbsp;&nbsp;<a href="#[346]">toTkn</a><BR>
 <LI><a href="#[421]">initTknTable</a>&nbsp;&nbsp;&nbsp;&rArr;&nbsp;&nbsp;&nbsp;<a href="#[346]">toTkn</a><BR>
 <LI><a href="#[4ae]">parseLstObj</a>&nbsp;&nbsp;&nbsp;&rArr;&nbsp;&nbsp;&nbsp;<a href="#[4ac]">parseValue</a><BR>
 <LI><a href="#[14a]">__asm___13_rtx_mempool_c_7914b4c7__atomic_link_put</a>&nbsp;&nbsp;&nbsp;&rArr;&nbsp;&nbsp;&nbsp;<a href="#[14a]">__asm___13_rtx_mempool_c_7914b4c7__atomic_link_put</a><BR>
</UL>
<P>
<H3>
Function Pointers
</H3><UL>
 <LI><a href="#[25]">ADC_IRQHandler</a> from startup_stm32f412vx.o(.text) referenced from startup_stm32f412vx.o(RESET)
 <LI><a href="#[e2]">AbortTransfer</a> from mci_stm32f4xx_1.o(i.AbortTransfer) referenced from mci_stm32f4xx_1.o(.constdata)
 <LI><a href="#[d]">BusFault_Handler</a> from hardfault.o(.text) referenced from startup_stm32f412vx.o(RESET)
 <LI><a href="#[27]">CAN1_RX0_IRQHandler</a> from startup_stm32f412vx.o(.text) referenced from startup_stm32f412vx.o(RESET)
 <LI><a href="#[28]">CAN1_RX1_IRQHandler</a> from startup_stm32f412vx.o(.text) referenced from startup_stm32f412vx.o(RESET)
 <LI><a href="#[29]">CAN1_SCE_IRQHandler</a> from startup_stm32f412vx.o(.text) referenced from startup_stm32f412vx.o(RESET)
 <LI><a href="#[26]">CAN1_TX_IRQHandler</a> from startup_stm32f412vx.o(.text) referenced from startup_stm32f412vx.o(RESET)
 <LI><a href="#[50]">CAN2_RX0_IRQHandler</a> from startup_stm32f412vx.o(.text) referenced from startup_stm32f412vx.o(RESET)
 <LI><a href="#[51]">CAN2_RX1_IRQHandler</a> from startup_stm32f412vx.o(.text) referenced from startup_stm32f412vx.o(RESET)
 <LI><a href="#[52]">CAN2_SCE_IRQHandler</a> from startup_stm32f412vx.o(.text) referenced from startup_stm32f412vx.o(RESET)
 <LI><a href="#[4f]">CAN2_TX_IRQHandler</a> from startup_stm32f412vx.o(.text) referenced from startup_stm32f412vx.o(RESET)
 <LI><a href="#[dd]">CardPower</a> from mci_stm32f4xx_1.o(i.CardPower) referenced from mci_stm32f4xx_1.o(.constdata)
 <LI><a href="#[e3]">Control</a> from mci_stm32f4xx_1.o(i.Control) referenced from mci_stm32f4xx_1.o(.constdata)
 <LI><a href="#[4d]">DFSDM1_FLT0_IRQHandler</a> from startup_stm32f412vx.o(.text) referenced from startup_stm32f412vx.o(RESET)
 <LI><a href="#[4e]">DFSDM1_FLT1_IRQHandler</a> from startup_stm32f412vx.o(.text) referenced from startup_stm32f412vx.o(RESET)
 <LI><a href="#[1e]">DMA1_Stream0_IRQHandler</a> from startup_stm32f412vx.o(.text) referenced from startup_stm32f412vx.o(RESET)
 <LI><a href="#[1f]">DMA1_Stream1_IRQHandler</a> from startup_stm32f412vx.o(.text) referenced from startup_stm32f412vx.o(RESET)
 <LI><a href="#[20]">DMA1_Stream2_IRQHandler</a> from startup_stm32f412vx.o(.text) referenced from startup_stm32f412vx.o(RESET)
 <LI><a href="#[21]">DMA1_Stream3_IRQHandler</a> from i2s_stm32f4xx.o(i.DMA1_Stream3_IRQHandler) referenced from startup_stm32f412vx.o(RESET)
 <LI><a href="#[22]">DMA1_Stream4_IRQHandler</a> from i2s_stm32f4xx.o(i.DMA1_Stream4_IRQHandler) referenced from startup_stm32f412vx.o(RESET)
 <LI><a href="#[23]">DMA1_Stream5_IRQHandler</a> from startup_stm32f412vx.o(.text) referenced from startup_stm32f412vx.o(RESET)
 <LI><a href="#[24]">DMA1_Stream6_IRQHandler</a> from startup_stm32f412vx.o(.text) referenced from startup_stm32f412vx.o(RESET)
 <LI><a href="#[42]">DMA1_Stream7_IRQHandler</a> from startup_stm32f412vx.o(.text) referenced from startup_stm32f412vx.o(RESET)
 <LI><a href="#[48]">DMA2_Stream0_IRQHandler</a> from startup_stm32f412vx.o(.text) referenced from startup_stm32f412vx.o(RESET)
 <LI><a href="#[49]">DMA2_Stream1_IRQHandler</a> from startup_stm32f412vx.o(.text) referenced from startup_stm32f412vx.o(RESET)
 <LI><a href="#[4a]">DMA2_Stream2_IRQHandler</a> from startup_stm32f412vx.o(.text) referenced from startup_stm32f412vx.o(RESET)
 <LI><a href="#[4b]">DMA2_Stream3_IRQHandler</a> from mci_stm32f4xx_1.o(i.DMA2_Stream3_IRQHandler) referenced from startup_stm32f412vx.o(RESET)
 <LI><a href="#[4c]">DMA2_Stream4_IRQHandler</a> from startup_stm32f412vx.o(.text) referenced from startup_stm32f412vx.o(RESET)
 <LI><a href="#[54]">DMA2_Stream5_IRQHandler</a> from startup_stm32f412vx.o(.text) referenced from startup_stm32f412vx.o(RESET)
 <LI><a href="#[55]">DMA2_Stream6_IRQHandler</a> from mci_stm32f4xx_1.o(i.DMA2_Stream6_IRQHandler) referenced from startup_stm32f412vx.o(RESET)
 <LI><a href="#[56]">DMA2_Stream7_IRQHandler</a> from startup_stm32f412vx.o(.text) referenced from startup_stm32f412vx.o(RESET)
 <LI><a href="#[10]">DebugMon_Handler</a> from startup_stm32f412vx.o(.text) referenced from startup_stm32f412vx.o(RESET)
 <LI><a href="#[19]">EXTI0_IRQHandler</a> from inputmanager.o(i.EXTI0_IRQHandler) referenced from startup_stm32f412vx.o(RESET)
 <LI><a href="#[3b]">EXTI15_10_IRQHandler</a> from inputmanager.o(i.EXTI15_10_IRQHandler) referenced from startup_stm32f412vx.o(RESET)
 <LI><a href="#[1a]">EXTI1_IRQHandler</a> from inputmanager.o(i.EXTI1_IRQHandler) referenced from startup_stm32f412vx.o(RESET)
 <LI><a href="#[1b]">EXTI2_IRQHandler</a> from startup_stm32f412vx.o(.text) referenced from startup_stm32f412vx.o(RESET)
 <LI><a href="#[1c]">EXTI3_IRQHandler</a> from inputmanager.o(i.EXTI3_IRQHandler) referenced from startup_stm32f412vx.o(RESET)
 <LI><a href="#[1d]">EXTI4_IRQHandler</a> from inputmanager.o(i.EXTI4_IRQHandler) referenced from startup_stm32f412vx.o(RESET)
 <LI><a href="#[2a]">EXTI9_5_IRQHandler</a> from inputmanager.o(i.EXTI9_5_IRQHandler) referenced from startup_stm32f412vx.o(RESET)
 <LI><a href="#[17]">FLASH_IRQHandler</a> from startup_stm32f412vx.o(.text) referenced from startup_stm32f412vx.o(RESET)
 <LI><a href="#[60]">FMPI2C1_ER_IRQHandler</a> from startup_stm32f412vx.o(.text) referenced from startup_stm32f412vx.o(RESET)
 <LI><a href="#[5f]">FMPI2C1_EV_IRQHandler</a> from startup_stm32f412vx.o(.text) referenced from startup_stm32f412vx.o(RESET)
 <LI><a href="#[5b]">FPU_IRQHandler</a> from startup_stm32f412vx.o(.text) referenced from startup_stm32f412vx.o(RESET)
 <LI><a href="#[d9]">GetCapabilities</a> from mci_stm32f4xx_1.o(i.GetCapabilities) referenced from mci_stm32f4xx_1.o(.constdata)
 <LI><a href="#[e4]">GetStatus</a> from mci_stm32f4xx_1.o(i.GetStatus) referenced from mci_stm32f4xx_1.o(.constdata)
 <LI><a href="#[d8]">GetVersion</a> from mci_stm32f4xx_1.o(i.GetVersion) referenced from mci_stm32f4xx_1.o(.constdata)
 <LI><a href="#[e5]">HAL_RCC_GetPCLK2Freq</a> from stm32f4xx_hal_rcc_1.o(i.HAL_RCC_GetPCLK2Freq) referenced from spi_stm32f4xx_1.o(.constdata)
 <LI><a href="#[b]">HardFault_Handler</a> from hardfault.o(.text) referenced from startup_stm32f412vx.o(RESET)
 <LI><a href="#[d6]">I2C1_Control</a> from i2c_stm32f4xx_1.o(i.I2C1_Control) referenced from i2c_stm32f4xx_1.o(.constdata)
 <LI><a href="#[33]">I2C1_ER_IRQHandler</a> from i2c_stm32f4xx_1.o(i.I2C1_ER_IRQHandler) referenced from startup_stm32f412vx.o(RESET)
 <LI><a href="#[32]">I2C1_EV_IRQHandler</a> from i2c_stm32f4xx_1.o(i.I2C1_EV_IRQHandler) referenced from startup_stm32f412vx.o(RESET)
 <LI><a href="#[d5]">I2C1_GetDataCount</a> from i2c_stm32f4xx_1.o(i.I2C1_GetDataCount) referenced from i2c_stm32f4xx_1.o(.constdata)
 <LI><a href="#[d7]">I2C1_GetStatus</a> from i2c_stm32f4xx_1.o(i.I2C1_GetStatus) referenced from i2c_stm32f4xx_1.o(.constdata)
 <LI><a href="#[ce]">I2C1_Initialize</a> from i2c_stm32f4xx_1.o(i.I2C1_Initialize) referenced from i2c_stm32f4xx_1.o(.constdata)
 <LI><a href="#[d2]">I2C1_MasterReceive</a> from i2c_stm32f4xx_1.o(i.I2C1_MasterReceive) referenced from i2c_stm32f4xx_1.o(.constdata)
 <LI><a href="#[d1]">I2C1_MasterTransmit</a> from i2c_stm32f4xx_1.o(i.I2C1_MasterTransmit) referenced from i2c_stm32f4xx_1.o(.constdata)
 <LI><a href="#[d0]">I2C1_PowerControl</a> from i2c_stm32f4xx_1.o(i.I2C1_PowerControl) referenced from i2c_stm32f4xx_1.o(.constdata)
 <LI><a href="#[d4]">I2C1_SlaveReceive</a> from i2c_stm32f4xx_1.o(i.I2C1_SlaveReceive) referenced from i2c_stm32f4xx_1.o(.constdata)
 <LI><a href="#[d3]">I2C1_SlaveTransmit</a> from i2c_stm32f4xx_1.o(i.I2C1_SlaveTransmit) referenced from i2c_stm32f4xx_1.o(.constdata)
 <LI><a href="#[cf]">I2C1_Uninitialize</a> from i2c_stm32f4xx_1.o(i.I2C1_Uninitialize) referenced from i2c_stm32f4xx_1.o(.constdata)
 <LI><a href="#[35]">I2C2_ER_IRQHandler</a> from startup_stm32f412vx.o(.text) referenced from startup_stm32f412vx.o(RESET)
 <LI><a href="#[34]">I2C2_EV_IRQHandler</a> from startup_stm32f412vx.o(.text) referenced from startup_stm32f412vx.o(RESET)
 <LI><a href="#[59]">I2C3_ER_IRQHandler</a> from startup_stm32f412vx.o(.text) referenced from startup_stm32f412vx.o(RESET)
 <LI><a href="#[58]">I2C3_EV_IRQHandler</a> from startup_stm32f412vx.o(.text) referenced from startup_stm32f412vx.o(RESET)
 <LI><a href="#[cd]">I2CX_GetCapabilities</a> from i2c_stm32f4xx_1.o(i.I2CX_GetCapabilities) referenced from i2c_stm32f4xx_1.o(.constdata)
 <LI><a href="#[cc]">I2CX_GetVersion</a> from i2c_stm32f4xx_1.o(i.I2CX_GetVersion) referenced from i2c_stm32f4xx_1.o(.constdata)
 <LI><a href="#[ab]">I2S2_Control</a> from i2s_stm32f4xx.o(i.I2S2_Control) referenced from i2s_stm32f4xx.o(.constdata)
 <LI><a href="#[a3]">I2S2_GetCapabilities</a> from i2s_stm32f4xx.o(i.I2S2_GetCapabilities) referenced from i2s_stm32f4xx.o(.constdata)
 <LI><a href="#[aa]">I2S2_GetRxCount</a> from i2s_stm32f4xx.o(i.I2S2_GetRxCount) referenced from i2s_stm32f4xx.o(.constdata)
 <LI><a href="#[ac]">I2S2_GetStatus</a> from i2s_stm32f4xx.o(i.I2S2_GetStatus) referenced from i2s_stm32f4xx.o(.constdata)
 <LI><a href="#[a9]">I2S2_GetTxCount</a> from i2s_stm32f4xx.o(i.I2S2_GetTxCount) referenced from i2s_stm32f4xx.o(.constdata)
 <LI><a href="#[a4]">I2S2_Initialize</a> from i2s_stm32f4xx.o(i.I2S2_Initialize) referenced from i2s_stm32f4xx.o(.constdata)
 <LI><a href="#[a6]">I2S2_PowerControl</a> from i2s_stm32f4xx.o(i.I2S2_PowerControl) referenced from i2s_stm32f4xx.o(.constdata)
 <LI><a href="#[a8]">I2S2_Receive</a> from i2s_stm32f4xx.o(i.I2S2_Receive) referenced from i2s_stm32f4xx.o(.constdata)
 <LI><a href="#[a7]">I2S2_Send</a> from i2s_stm32f4xx.o(i.I2S2_Send) referenced from i2s_stm32f4xx.o(.constdata)
 <LI><a href="#[a5]">I2S2_Uninitialize</a> from i2s_stm32f4xx.o(i.I2S2_Uninitialize) referenced from i2s_stm32f4xx.o(.constdata)
 <LI><a href="#[a2]">I2Sx_GetVersion</a> from i2s_stm32f4xx.o(i.I2Sx_GetVersion) referenced from i2s_stm32f4xx.o(.constdata)
 <LI><a href="#[da]">Initialize</a> from mci_stm32f4xx_1.o(i.Initialize) referenced from mci_stm32f4xx_1.o(.constdata)
 <LI><a href="#[71]">MC0_MCI_SignalEvent</a> from fs_config.o(i.MC0_MCI_SignalEvent) referenced from fs_config.o(i.fs_config)
 <LI><a href="#[c]">MemManage_Handler</a> from hardfault.o(.text) referenced from startup_stm32f412vx.o(RESET)
 <LI><a href="#[a]">NMI_Handler</a> from hardfault.o(.text) referenced from startup_stm32f412vx.o(RESET)
 <LI><a href="#[53]">OTG_FS_IRQHandler</a> from otg_fs_stm32f4xx_1.o(i.OTG_FS_IRQHandler) referenced from startup_stm32f412vx.o(RESET)
 <LI><a href="#[3d]">OTG_FS_WKUP_IRQHandler</a> from startup_stm32f412vx.o(.text) referenced from startup_stm32f412vx.o(RESET)
 <LI><a href="#[14]">PVD_IRQHandler</a> from startup_stm32f412vx.o(.text) referenced from startup_stm32f412vx.o(RESET)
 <LI><a href="#[11]">PendSV_Handler</a> from irq_cm4f.o(.text) referenced from startup_stm32f412vx.o(RESET)
 <LI><a href="#[dc]">PowerControl</a> from mci_stm32f4xx_1.o(i.PowerControl) referenced from mci_stm32f4xx_1.o(.constdata)
 <LI><a href="#[5e]">QUADSPI_IRQHandler</a> from startup_stm32f412vx.o(.text) referenced from startup_stm32f412vx.o(RESET)
 <LI><a href="#[18]">RCC_IRQHandler</a> from startup_stm32f412vx.o(.text) referenced from startup_stm32f412vx.o(RESET)
 <LI><a href="#[5a]">RNG_IRQHandler</a> from startup_stm32f412vx.o(.text) referenced from startup_stm32f412vx.o(RESET)
 <LI><a href="#[3c]">RTC_Alarm_IRQHandler</a> from startup_stm32f412vx.o(.text) referenced from startup_stm32f412vx.o(RESET)
 <LI><a href="#[16]">RTC_WKUP_IRQHandler</a> from startup_stm32f412vx.o(.text) referenced from startup_stm32f412vx.o(RESET)
 <LI><a href="#[6c]">RX_DMA_Complete</a> from mci_stm32f4xx_1.o(i.RX_DMA_Complete) referenced from mci_stm32f4xx_1.o(i.Initialize)
 <LI><a href="#[de]">ReadCD</a> from mci_stm32f4xx_1.o(i.ReadCD) referenced from mci_stm32f4xx_1.o(.constdata)
 <LI><a href="#[df]">ReadWP</a> from mci_stm32f4xx_1.o(i.ReadWP) referenced from mci_stm32f4xx_1.o(.constdata)
 <LI><a href="#[9]">Reset_Handler</a> from startup_stm32f412vx.o(.text) referenced from startup_stm32f412vx.o(RESET)
 <LI><a href="#[43]">SDIO_IRQHandler</a> from mci_stm32f4xx_1.o(i.SDIO_IRQHandler) referenced from startup_stm32f412vx.o(RESET)
 <LI><a href="#[ef]">SPI1_Control</a> from spi_stm32f4xx_1.o(i.SPI1_Control) referenced from spi_stm32f4xx_1.o(.constdata)
 <LI><a href="#[ee]">SPI1_GetDataCount</a> from spi_stm32f4xx_1.o(i.SPI1_GetDataCount) referenced from spi_stm32f4xx_1.o(.constdata)
 <LI><a href="#[f0]">SPI1_GetStatus</a> from spi_stm32f4xx_1.o(i.SPI1_GetStatus) referenced from spi_stm32f4xx_1.o(.constdata)
 <LI><a href="#[36]">SPI1_IRQHandler</a> from spi_stm32f4xx_1.o(i.SPI1_IRQHandler) referenced from startup_stm32f412vx.o(RESET)
 <LI><a href="#[e8]">SPI1_Initialize</a> from spi_stm32f4xx_1.o(i.SPI1_Initialize) referenced from spi_stm32f4xx_1.o(.constdata)
 <LI><a href="#[ea]">SPI1_PowerControl</a> from spi_stm32f4xx_1.o(i.SPI1_PowerControl) referenced from spi_stm32f4xx_1.o(.constdata)
 <LI><a href="#[ec]">SPI1_Receive</a> from spi_stm32f4xx_1.o(i.SPI1_Receive) referenced from spi_stm32f4xx_1.o(.constdata)
 <LI><a href="#[eb]">SPI1_Send</a> from spi_stm32f4xx_1.o(i.SPI1_Send) referenced from spi_stm32f4xx_1.o(.constdata)
 <LI><a href="#[ed]">SPI1_Transfer</a> from spi_stm32f4xx_1.o(i.SPI1_Transfer) referenced from spi_stm32f4xx_1.o(.constdata)
 <LI><a href="#[e9]">SPI1_Uninitialize</a> from spi_stm32f4xx_1.o(i.SPI1_Uninitialize) referenced from spi_stm32f4xx_1.o(.constdata)
 <LI><a href="#[37]">SPI2_IRQHandler</a> from startup_stm32f412vx.o(.text) referenced from startup_stm32f412vx.o(RESET)
 <LI><a href="#[45]">SPI3_IRQHandler</a> from startup_stm32f412vx.o(.text) referenced from startup_stm32f412vx.o(RESET)
 <LI><a href="#[5c]">SPI4_IRQHandler</a> from startup_stm32f412vx.o(.text) referenced from startup_stm32f412vx.o(RESET)
 <LI><a href="#[5d]">SPI5_IRQHandler</a> from startup_stm32f412vx.o(.text) referenced from startup_stm32f412vx.o(RESET)
 <LI><a href="#[e7]">SPIX_GetCapabilities</a> from spi_stm32f4xx_1.o(i.SPIX_GetCapabilities) referenced from spi_stm32f4xx_1.o(.constdata)
 <LI><a href="#[e6]">SPIX_GetVersion</a> from spi_stm32f4xx_1.o(i.SPIX_GetVersion) referenced from spi_stm32f4xx_1.o(.constdata)
 <LI><a href="#[f]">SVC_Handler</a> from irq_cm4f.o(.text) referenced from startup_stm32f412vx.o(RESET)
 <LI><a href="#[e0]">SendCommand</a> from mci_stm32f4xx_1.o(i.SendCommand) referenced from mci_stm32f4xx_1.o(.constdata)
 <LI><a href="#[e1]">SetupTransfer</a> from mci_stm32f4xx_1.o(i.SetupTransfer) referenced from mci_stm32f4xx_1.o(.constdata)
 <LI><a href="#[12]">SysTick_Handler</a> from irq_cm4f.o(.text) referenced from startup_stm32f412vx.o(RESET)
 <LI><a href="#[12]">SysTick_Handler</a> from irq_cm4f.o(.text) referenced from rtx_kernel.o(i.svcRtxKernelStart)
 <LI><a href="#[61]">SystemInit</a> from system_stm32f4xx.o(i.SystemInit) referenced from startup_stm32f412vx.o(.text)
 <LI><a href="#[15]">TAMP_STAMP_IRQHandler</a> from startup_stm32f412vx.o(.text) referenced from startup_stm32f412vx.o(RESET)
 <LI><a href="#[2b]">TIM1_BRK_TIM9_IRQHandler</a> from startup_stm32f412vx.o(.text) referenced from startup_stm32f412vx.o(RESET)
 <LI><a href="#[2e]">TIM1_CC_IRQHandler</a> from startup_stm32f412vx.o(.text) referenced from startup_stm32f412vx.o(RESET)
 <LI><a href="#[2d]">TIM1_TRG_COM_TIM11_IRQHandler</a> from startup_stm32f412vx.o(.text) referenced from startup_stm32f412vx.o(RESET)
 <LI><a href="#[2c]">TIM1_UP_TIM10_IRQHandler</a> from startup_stm32f412vx.o(.text) referenced from startup_stm32f412vx.o(RESET)
 <LI><a href="#[2f]">TIM2_IRQHandler</a> from startup_stm32f412vx.o(.text) referenced from startup_stm32f412vx.o(RESET)
 <LI><a href="#[30]">TIM3_IRQHandler</a> from startup_stm32f412vx.o(.text) referenced from startup_stm32f412vx.o(RESET)
 <LI><a href="#[31]">TIM4_IRQHandler</a> from startup_stm32f412vx.o(.text) referenced from startup_stm32f412vx.o(RESET)
 <LI><a href="#[44]">TIM5_IRQHandler</a> from startup_stm32f412vx.o(.text) referenced from startup_stm32f412vx.o(RESET)
 <LI><a href="#[46]">TIM6_IRQHandler</a> from startup_stm32f412vx.o(.text) referenced from startup_stm32f412vx.o(RESET)
 <LI><a href="#[47]">TIM7_IRQHandler</a> from startup_stm32f412vx.o(.text) referenced from startup_stm32f412vx.o(RESET)
 <LI><a href="#[3e]">TIM8_BRK_TIM12_IRQHandler</a> from startup_stm32f412vx.o(.text) referenced from startup_stm32f412vx.o(RESET)
 <LI><a href="#[41]">TIM8_CC_IRQHandler</a> from startup_stm32f412vx.o(.text) referenced from startup_stm32f412vx.o(RESET)
 <LI><a href="#[40]">TIM8_TRG_COM_TIM14_IRQHandler</a> from startup_stm32f412vx.o(.text) referenced from startup_stm32f412vx.o(RESET)
 <LI><a href="#[3f]">TIM8_UP_TIM13_IRQHandler</a> from startup_stm32f412vx.o(.text) referenced from startup_stm32f412vx.o(RESET)
 <LI><a href="#[38]">USART1_IRQHandler</a> from startup_stm32f412vx.o(.text) referenced from startup_stm32f412vx.o(RESET)
 <LI><a href="#[39]">USART2_IRQHandler</a> from startup_stm32f412vx.o(.text) referenced from startup_stm32f412vx.o(RESET)
 <LI><a href="#[3a]">USART3_IRQHandler</a> from startup_stm32f412vx.o(.text) referenced from startup_stm32f412vx.o(RESET)
 <LI><a href="#[57]">USART6_IRQHandler</a> from startup_stm32f412vx.o(.text) referenced from startup_stm32f412vx.o(RESET)
 <LI><a href="#[b3]">USBD0_SignalDeviceEvent</a> from usbd_config_0.o(i.USBD0_SignalDeviceEvent) referenced from usbd_config_0.o(.constdata)
 <LI><a href="#[b4]">USBD0_SignalEndpointEvent</a> from usbd_config_0.o(i.USBD0_SignalEndpointEvent) referenced from usbd_config_0.o(.constdata)
 <LI><a href="#[6d]">USBD_Core_Thread</a> from usbd_lib_core.o(i.USBD_Core_Thread) referenced from usbd_config_0.o(i.USBD_ThreadCreate)
 <LI><a href="#[c5]">USBD_Device0_ConfigurationChanged</a> from usbd_user_device_sernum.o(i.USBD_Device0_ConfigurationChanged) referenced from usbd_config_0.o(.constdata)
 <LI><a href="#[c7]">USBD_Device0_DisableRemoteWakeup</a> from usbd_user_device_sernum.o(i.USBD_Device0_DisableRemoteWakeup) referenced from usbd_config_0.o(.constdata)
 <LI><a href="#[c6]">USBD_Device0_EnableRemoteWakeup</a> from usbd_user_device_sernum.o(i.USBD_Device0_EnableRemoteWakeup) referenced from usbd_config_0.o(.constdata)
 <LI><a href="#[cb]">USBD_Device0_Endpoint0_InDataSent</a> from usbd_user_device_sernum.o(i.USBD_Device0_Endpoint0_InDataSent) referenced from usbd_config_0.o(.constdata)
 <LI><a href="#[ca]">USBD_Device0_Endpoint0_OutDataReceived</a> from usbd_user_device_sernum.o(i.USBD_Device0_Endpoint0_OutDataReceived) referenced from usbd_config_0.o(.constdata)
 <LI><a href="#[c9]">USBD_Device0_Endpoint0_SetupPacketProcessed</a> from usbd_user_device_sernum.o(i.USBD_Device0_Endpoint0_SetupPacketProcessed) referenced from usbd_config_0.o(.constdata)
 <LI><a href="#[c8]">USBD_Device0_Endpoint0_SetupPacketReceived</a> from usbd_user_device_sernum.o(i.USBD_Device0_Endpoint0_SetupPacketReceived) referenced from usbd_config_0.o(.constdata)
 <LI><a href="#[c2]">USBD_Device0_HighSpeedActivated</a> from usbd_user_device_sernum.o(i.USBD_Device0_HighSpeedActivated) referenced from usbd_config_0.o(.constdata)
 <LI><a href="#[be]">USBD_Device0_Initialize</a> from usbd_user_device_sernum.o(i.USBD_Device0_Initialize) referenced from usbd_config_0.o(.constdata)
 <LI><a href="#[c1]">USBD_Device0_Reset</a> from usbd_user_device_sernum.o(i.USBD_Device0_Reset) referenced from usbd_config_0.o(.constdata)
 <LI><a href="#[c4]">USBD_Device0_Resumed</a> from usbd_user_device_sernum.o(i.USBD_Device0_Resumed) referenced from usbd_config_0.o(.constdata)
 <LI><a href="#[c3]">USBD_Device0_Suspended</a> from usbd_user_device_sernum.o(i.USBD_Device0_Suspended) referenced from usbd_config_0.o(.constdata)
 <LI><a href="#[bf]">USBD_Device0_Uninitialize</a> from usbd_user_device_sernum.o(i.USBD_Device0_Uninitialize) referenced from usbd_config_0.o(.constdata)
 <LI><a href="#[c0]">USBD_Device0_VbusChanged</a> from usbd_user_device_sernum.o(i.USBD_Device0_VbusChanged) referenced from usbd_config_0.o(.constdata)
 <LI><a href="#[f6]">USBD_DeviceConnect</a> from usbd_fs_stm32f4xx_1.o(i.USBD_DeviceConnect) referenced from usbd_fs_stm32f4xx_1.o(.constdata)
 <LI><a href="#[f7]">USBD_DeviceDisconnect</a> from usbd_fs_stm32f4xx_1.o(i.USBD_DeviceDisconnect) referenced from usbd_fs_stm32f4xx_1.o(.constdata)
 <LI><a href="#[f8]">USBD_DeviceGetState</a> from usbd_fs_stm32f4xx_1.o(i.USBD_DeviceGetState) referenced from usbd_fs_stm32f4xx_1.o(.constdata)
 <LI><a href="#[f9]">USBD_DeviceRemoteWakeup</a> from usbd_fs_stm32f4xx_1.o(i.USBD_DeviceRemoteWakeup) referenced from usbd_fs_stm32f4xx_1.o(.constdata)
 <LI><a href="#[fa]">USBD_DeviceSetAddress</a> from usbd_fs_stm32f4xx_1.o(i.USBD_DeviceSetAddress) referenced from usbd_fs_stm32f4xx_1.o(.constdata)
 <LI><a href="#[fc]">USBD_EndpointConfigure</a> from usbd_fs_stm32f4xx_1.o(i.USBD_EndpointConfigure) referenced from usbd_fs_stm32f4xx_1.o(.constdata)
 <LI><a href="#[fe]">USBD_EndpointStall</a> from usbd_fs_stm32f4xx_1.o(i.USBD_EndpointStall) referenced from usbd_fs_stm32f4xx_1.o(.constdata)
 <LI><a href="#[ff]">USBD_EndpointTransfer</a> from usbd_fs_stm32f4xx_1.o(i.USBD_EndpointTransfer) referenced from usbd_fs_stm32f4xx_1.o(.constdata)
 <LI><a href="#[101]">USBD_EndpointTransferAbort</a> from usbd_fs_stm32f4xx_1.o(i.USBD_EndpointTransferAbort) referenced from usbd_fs_stm32f4xx_1.o(.constdata)
 <LI><a href="#[100]">USBD_EndpointTransferGetResult</a> from usbd_fs_stm32f4xx_1.o(i.USBD_EndpointTransferGetResult) referenced from usbd_fs_stm32f4xx_1.o(.constdata)
 <LI><a href="#[fd]">USBD_EndpointUnconfigure</a> from usbd_fs_stm32f4xx_1.o(i.USBD_EndpointUnconfigure) referenced from usbd_fs_stm32f4xx_1.o(.constdata)
 <LI><a href="#[f2]">USBD_GetCapabilities</a> from usbd_fs_stm32f4xx_1.o(i.USBD_GetCapabilities) referenced from usbd_fs_stm32f4xx_1.o(.constdata)
 <LI><a href="#[102]">USBD_GetFrameNumber</a> from usbd_fs_stm32f4xx_1.o(i.USBD_GetFrameNumber) referenced from usbd_fs_stm32f4xx_1.o(.constdata)
 <LI><a href="#[f1]">USBD_GetVersion</a> from usbd_fs_stm32f4xx_1.o(i.USBD_GetVersion) referenced from usbd_fs_stm32f4xx_1.o(.constdata)
 <LI><a href="#[f3]">USBD_Initialize</a> from usbd_fs_stm32f4xx_1.o(i.USBD_Initialize) referenced from usbd_fs_stm32f4xx_1.o(.constdata)
 <LI><a href="#[b7]">USBD_MSC0_GetCacheInfo</a> from usbd_user_msc_lun.o(i.USBD_MSC0_GetCacheInfo) referenced from usbd_config_0.o(.constdata)
 <LI><a href="#[b8]">USBD_MSC0_GetMaxLUN</a> from usbd_user_msc_lun.o(i.USBD_MSC0_GetMaxLUN) referenced from usbd_config_0.o(.constdata)
 <LI><a href="#[b5]">USBD_MSC0_Initialize</a> from usbd_user_msc_lun.o(i.USBD_MSC0_Initialize) referenced from usbd_config_0.o(.constdata)
 <LI><a href="#[bd]">USBD_MSC0_LUN_CheckMedia</a> from usbd_user_msc_lun.o(i.USBD_MSC0_LUN_CheckMedia) referenced from usbd_config_0.o(.constdata)
 <LI><a href="#[b9]">USBD_MSC0_LUN_GetMediaCapacity</a> from usbd_user_msc_lun.o(i.USBD_MSC0_LUN_GetMediaCapacity) referenced from usbd_config_0.o(.constdata)
 <LI><a href="#[ba]">USBD_MSC0_LUN_Read</a> from usbd_user_msc_lun.o(i.USBD_MSC0_LUN_Read) referenced from usbd_config_0.o(.constdata)
 <LI><a href="#[bc]">USBD_MSC0_LUN_StartStop</a> from usbd_config_0.o(i.USBD_MSC0_LUN_StartStop) referenced from usbd_config_0.o(.constdata)
 <LI><a href="#[bb]">USBD_MSC0_LUN_Write</a> from usbd_user_msc_lun.o(i.USBD_MSC0_LUN_Write) referenced from usbd_config_0.o(.constdata)
 <LI><a href="#[b6]">USBD_MSC0_Uninitialize</a> from usbd_user_msc_lun.o(i.USBD_MSC0_Uninitialize) referenced from usbd_config_0.o(.constdata)
 <LI><a href="#[6e]">USBD_MSC_Thread</a> from usbd_lib_msc.o(i.USBD_MSC_Thread) referenced from usbd_config_0.o(i.USBD_ThreadCreate)
 <LI><a href="#[f5]">USBD_PowerControl</a> from usbd_fs_stm32f4xx_1.o(i.USBD_PowerControl) referenced from usbd_fs_stm32f4xx_1.o(.constdata)
 <LI><a href="#[fb]">USBD_ReadSetupPacket</a> from usbd_fs_stm32f4xx_1.o(i.USBD_ReadSetupPacket) referenced from usbd_fs_stm32f4xx_1.o(.constdata)
 <LI><a href="#[f4]">USBD_Uninitialize</a> from usbd_fs_stm32f4xx_1.o(i.USBD_Uninitialize) referenced from usbd_fs_stm32f4xx_1.o(.constdata)
 <LI><a href="#[db]">Uninitialize</a> from mci_stm32f4xx_1.o(i.Uninitialize) referenced from mci_stm32f4xx_1.o(.constdata)
 <LI><a href="#[e]">UsageFault_Handler</a> from hardfault.o(.text) referenced from startup_stm32f412vx.o(RESET)
 <LI><a href="#[13]">WWDG_IRQHandler</a> from startup_stm32f412vx.o(.text) referenced from startup_stm32f412vx.o(RESET)
 <LI><a href="#[6a]">___backspace$unlocked</a> from backspace.o(.text) referenced from scanf_char_file_locked.o(.text)
 <LI><a href="#[103]">__main</a> from __main.o(!!!main) referenced from startup_stm32f412vx.o(.text)
 <LI><a href="#[69]">_fgetc$unlocked</a> from fgetc.o(i.fgetc) referenced from scanf_char_file_locked.o(.text)
 <LI><a href="#[68]">_fputc$unlocked</a> from fputc.o(i.fputc) referenced from _printf_char_file_locked.o(.text)
 <LI><a href="#[63]">_get_lc_ctype</a> from lc_ctype_c.o(locale$$code) referenced from rt_ctype_table.o(.text)
 <LI><a href="#[65]">_printf_input_char</a> from _printf_char_common.o(.text) referenced from _printf_char_common.o(.text)
 <LI><a href="#[66]">_scanf_char_input</a> from scanf_char.o(.text) referenced from scanf_char.o(.text)
 <LI><a href="#[64]">_sputc</a> from _sputc.o(.text) referenced from __2sprintf.o(.text)
 <LI><a href="#[75]">checkPowerTimer</a> from powermanager.o(i.checkPowerTimer) referenced from powermanager.o(i.initPowerMgr)
 <LI><a href="#[6b]">i2c_Sig_Event</a> from ak4xxx.o(i.i2c_Sig_Event) referenced from ak4xxx.o(i.I2C_initialize)
 <LI><a href="#[72]">inputThread</a> from inputmanager.o(i.inputThread) referenced from inputmanager.o(i.initInputManager)
 <LI><a href="#[67]">isspace</a> from isspace.o(.text) referenced from scanf_char.o(.text)
 <LI><a href="#[73]">ledThread</a> from ledmanager.o(i.ledThread) referenced from ledmanager.o(i.initLedManager)
 <LI><a href="#[b2]">mc0_DevCtrl</a> from fs_config.o(i.mc0_DevCtrl) referenced from fs_config.o(.constdata)
 <LI><a href="#[ad]">mc0_Init</a> from fs_config.o(i.mc0_Init) referenced from fs_config.o(.constdata)
 <LI><a href="#[b1]">mc0_RdInfo</a> from fs_config.o(i.mc0_RdInfo) referenced from fs_config.o(.constdata)
 <LI><a href="#[af]">mc0_RdSect</a> from fs_config.o(i.mc0_RdSect) referenced from fs_config.o(.constdata)
 <LI><a href="#[ae]">mc0_UnInit</a> from fs_config.o(i.mc0_UnInit) referenced from fs_config.o(.constdata)
 <LI><a href="#[b0]">mc0_WrSect</a> from fs_config.o(i.mc0_WrSect) referenced from fs_config.o(.constdata)
 <LI><a href="#[74]">mediaThread</a> from mediaplayer.o(i.mediaThread) referenced from mediaplayer.o(i.initMediaPlayer)
 <LI><a href="#[9c]">osRtxEventFlagsPostProcess</a> from rtx_evflags.o(i.osRtxEventFlagsPostProcess) referenced from rtx_evflags.o(i.svcRtxEventFlagsNew)
 <LI><a href="#[8c]">osRtxIdleThread</a> from rtx_config.o(i.osRtxIdleThread) referenced from rtx_thread.o(i.osRtxThreadStartup)
 <LI><a href="#[9d]">osRtxMemoryPoolPostProcess</a> from rtx_mempool.o(i.osRtxMemoryPoolPostProcess) referenced from rtx_mempool.o(i.svcRtxMemoryPoolNew)
 <LI><a href="#[9e]">osRtxMessageQueuePostProcess</a> from rtx_msgqueue.o(i.osRtxMessageQueuePostProcess) referenced from rtx_msgqueue.o(i.svcRtxMessageQueueNew)
 <LI><a href="#[9f]">osRtxSemaphorePostProcess</a> from rtx_semaphore.o(i.osRtxSemaphorePostProcess) referenced from rtx_semaphore.o(i.svcRtxSemaphoreNew)
 <LI><a href="#[a1]">osRtxThreadPostProcess</a> from rtx_thread.o(i.osRtxThreadPostProcess) referenced from rtx_thread.o(i.svcRtxThreadNew)
 <LI><a href="#[8d]">osRtxTimerThread</a> from rtx_timer.o(i.osRtxTimerThread) referenced from rtx_thread.o(i.osRtxThreadStartup)
 <LI><a href="#[8e]">osRtxTimerTick</a> from rtx_timer.o(i.osRtxTimerTick) referenced from rtx_timer.o(i.osRtxTimerThread)
 <LI><a href="#[a0]">osThreadExit</a> from rtx_thread.o(i.osThreadExit) referenced from rtx_thread.o(i.svcRtxThreadNew)
 <LI><a href="#[6f]">saiEvent</a> from audio.o(i.saiEvent) referenced from audio.o(i.audInitialize)
 <LI><a href="#[77]">svcRtxDelay</a> from rtx_delay.o(i.svcRtxDelay) referenced from rtx_delay.o(i.osDelay)
 <LI><a href="#[78]">svcRtxEventFlagsNew</a> from rtx_evflags.o(i.svcRtxEventFlagsNew) referenced from rtx_evflags.o(i.osEventFlagsNew)
 <LI><a href="#[79]">svcRtxEventFlagsSet</a> from rtx_evflags.o(i.svcRtxEventFlagsSet) referenced from rtx_evflags.o(i.osEventFlagsSet)
 <LI><a href="#[7a]">svcRtxEventFlagsWait</a> from rtx_evflags.o(i.svcRtxEventFlagsWait) referenced from rtx_evflags.o(i.osEventFlagsWait)
 <LI><a href="#[7b]">svcRtxKernelGetState</a> from rtx_kernel.o(i.svcRtxKernelGetState) referenced from rtx_kernel.o(i.osKernelGetState)
 <LI><a href="#[7c]">svcRtxKernelGetSysTimerCount</a> from rtx_kernel.o(i.svcRtxKernelGetSysTimerCount) referenced from rtx_kernel.o(i.osKernelGetSysTimerCount)
 <LI><a href="#[7d]">svcRtxKernelGetSysTimerFreq</a> from rtx_kernel.o(i.svcRtxKernelGetSysTimerFreq) referenced from rtx_kernel.o(i.osKernelGetSysTimerFreq)
 <LI><a href="#[7e]">svcRtxKernelGetTickCount</a> from rtx_kernel.o(i.svcRtxKernelGetTickCount) referenced from rtx_kernel.o(i.osKernelGetTickCount)
 <LI><a href="#[7f]">svcRtxKernelGetTickFreq</a> from rtx_kernel.o(i.svcRtxKernelGetTickFreq) referenced from rtx_kernel.o(i.osKernelGetTickFreq)
 <LI><a href="#[80]">svcRtxKernelInitialize</a> from rtx_kernel.o(i.svcRtxKernelInitialize) referenced from rtx_kernel.o(i.osKernelInitialize)
 <LI><a href="#[81]">svcRtxKernelStart</a> from rtx_kernel.o(i.svcRtxKernelStart) referenced from rtx_kernel.o(i.osKernelStart)
 <LI><a href="#[82]">svcRtxMemoryPoolAlloc</a> from rtx_mempool.o(i.svcRtxMemoryPoolAlloc) referenced from rtx_mempool.o(i.osMemoryPoolAlloc)
 <LI><a href="#[83]">svcRtxMemoryPoolFree</a> from rtx_mempool.o(i.svcRtxMemoryPoolFree) referenced from rtx_mempool.o(i.osMemoryPoolFree)
 <LI><a href="#[84]">svcRtxMemoryPoolNew</a> from rtx_mempool.o(i.svcRtxMemoryPoolNew) referenced from rtx_mempool.o(i.osMemoryPoolNew)
 <LI><a href="#[85]">svcRtxMessageQueueGet</a> from rtx_msgqueue.o(i.svcRtxMessageQueueGet) referenced from rtx_msgqueue.o(i.osMessageQueueGet)
 <LI><a href="#[86]">svcRtxMessageQueueNew</a> from rtx_msgqueue.o(i.svcRtxMessageQueueNew) referenced from rtx_msgqueue.o(i.osMessageQueueNew)
 <LI><a href="#[87]">svcRtxMessageQueuePut</a> from rtx_msgqueue.o(i.svcRtxMessageQueuePut) referenced from rtx_msgqueue.o(i.osMessageQueuePut)
 <LI><a href="#[88]">svcRtxMutexAcquire</a> from rtx_mutex.o(i.svcRtxMutexAcquire) referenced from rtx_mutex.o(i.osMutexAcquire)
 <LI><a href="#[89]">svcRtxMutexDelete</a> from rtx_mutex.o(i.svcRtxMutexDelete) referenced from rtx_mutex.o(i.osMutexDelete)
 <LI><a href="#[8a]">svcRtxMutexNew</a> from rtx_mutex.o(i.svcRtxMutexNew) referenced from rtx_mutex.o(i.osMutexNew)
 <LI><a href="#[8b]">svcRtxMutexRelease</a> from rtx_mutex.o(i.svcRtxMutexRelease) referenced from rtx_mutex.o(i.osMutexRelease)
 <LI><a href="#[8f]">svcRtxSemaphoreAcquire</a> from rtx_semaphore.o(i.svcRtxSemaphoreAcquire) referenced from rtx_semaphore.o(i.osSemaphoreAcquire)
 <LI><a href="#[90]">svcRtxSemaphoreDelete</a> from rtx_semaphore.o(i.svcRtxSemaphoreDelete) referenced from rtx_semaphore.o(i.osSemaphoreDelete)
 <LI><a href="#[91]">svcRtxSemaphoreNew</a> from rtx_semaphore.o(i.svcRtxSemaphoreNew) referenced from rtx_semaphore.o(i.osSemaphoreNew)
 <LI><a href="#[92]">svcRtxSemaphoreRelease</a> from rtx_semaphore.o(i.svcRtxSemaphoreRelease) referenced from rtx_semaphore.o(i.osSemaphoreRelease)
 <LI><a href="#[93]">svcRtxThreadExit</a> from rtx_thread.o(i.svcRtxThreadExit) referenced from rtx_thread.o(i.osThreadExit)
 <LI><a href="#[94]">svcRtxThreadFlagsSet</a> from rtx_thread.o(i.svcRtxThreadFlagsSet) referenced from rtx_thread.o(i.osThreadFlagsSet)
 <LI><a href="#[95]">svcRtxThreadFlagsWait</a> from rtx_thread.o(i.svcRtxThreadFlagsWait) referenced from rtx_thread.o(i.osThreadFlagsWait)
 <LI><a href="#[96]">svcRtxThreadGetId</a> from rtx_thread.o(i.svcRtxThreadGetId) referenced from rtx_thread.o(i.osThreadGetId)
 <LI><a href="#[97]">svcRtxThreadNew</a> from rtx_thread.o(i.svcRtxThreadNew) referenced from rtx_thread.o(i.osThreadNew)
 <LI><a href="#[98]">svcRtxThreadTerminate</a> from rtx_thread.o(i.svcRtxThreadTerminate) referenced from rtx_thread.o(i.osThreadTerminate)
 <LI><a href="#[99]">svcRtxTimerNew</a> from rtx_timer.o(i.svcRtxTimerNew) referenced from rtx_timer.o(i.osTimerNew)
 <LI><a href="#[9a]">svcRtxTimerStart</a> from rtx_timer.o(i.svcRtxTimerStart) referenced from rtx_timer.o(i.osTimerStart)
 <LI><a href="#[9b]">svcRtxTimerStop</a> from rtx_timer.o(i.svcRtxTimerStop) referenced from rtx_timer.o(i.osTimerStop)
 <LI><a href="#[76]">talking_book</a> from tbook.o(i.talking_book) referenced from main.o(i.main)
 <LI><a href="#[70]">tbTimer</a> from controlmanager.o(i.tbTimer) referenced from controlmanager.o(i.executeCSM)
</UL>
<P>
<H3>
Global Symbols
</H3>
<P><STRONG><a name="[103]"></a>__main</STRONG> (Thumb, 8 bytes, Stack size 0 bytes, __main.o(!!!main))
<BR><BR>[Calls]<UL><LI><a href="#[109]">&gt;&gt;</a>&nbsp;&nbsp;&nbsp;__rt_entry
<LI><a href="#[108]">&gt;&gt;</a>&nbsp;&nbsp;&nbsp;__scatterload
</UL>

<P><STRONG><a name="[108]"></a>__scatterload</STRONG> (Thumb, 0 bytes, Stack size unknown bytes, __scatter.o(!!!scatter))
<BR><BR>[Called By]<UL><LI><a href="#[103]">&gt;&gt;</a>&nbsp;&nbsp;&nbsp;__main
</UL>

<P><STRONG><a name="[10a]"></a>__scatterload_rt2</STRONG> (Thumb, 44 bytes, Stack size unknown bytes, __scatter.o(!!!scatter), UNUSED)
<BR><BR>[Calls]<UL><LI><a href="#[109]">&gt;&gt;</a>&nbsp;&nbsp;&nbsp;__rt_entry
</UL>

<P><STRONG><a name="[4c9]"></a>__scatterload_rt2_thumb_only</STRONG> (Thumb, 0 bytes, Stack size unknown bytes, __scatter.o(!!!scatter), UNUSED)

<P><STRONG><a name="[4ca]"></a>__scatterload_null</STRONG> (Thumb, 0 bytes, Stack size unknown bytes, __scatter.o(!!!scatter), UNUSED)

<P><STRONG><a name="[4cb]"></a>__decompress</STRONG> (Thumb, 90 bytes, Stack size unknown bytes, __dczerorl2.o(!!dczerorl2), UNUSED)

<P><STRONG><a name="[4cc]"></a>__decompress1</STRONG> (Thumb, 0 bytes, Stack size unknown bytes, __dczerorl2.o(!!dczerorl2), UNUSED)

<P><STRONG><a name="[4cd]"></a>__scatterload_zeroinit</STRONG> (Thumb, 28 bytes, Stack size unknown bytes, __scatter_zi.o(!!handler_zi), UNUSED)

<P><STRONG><a name="[10b]"></a>_printf_n</STRONG> (Thumb, 0 bytes, Stack size unknown bytes, _printf_n.o(.ARM.Collect$$_printf_percent$$00000001))
<BR><BR>[Calls]<UL><LI><a href="#[10c]">&gt;&gt;</a>&nbsp;&nbsp;&nbsp;_printf_charcount
</UL>

<P><STRONG><a name="[16d]"></a>_printf_percent</STRONG> (Thumb, 0 bytes, Stack size unknown bytes, _printf_percent.o(.ARM.Collect$$_printf_percent$$00000000))
<BR><BR>[Called By]<UL><LI><a href="#[16b]">&gt;&gt;</a>&nbsp;&nbsp;&nbsp;__printf
</UL>

<P><STRONG><a name="[10d]"></a>_printf_p</STRONG> (Thumb, 0 bytes, Stack size unknown bytes, _printf_p.o(.ARM.Collect$$_printf_percent$$00000002))
<BR><BR>[Stack]<UL><LI>Max Depth = 64 + Unknown Stack Size
<LI>Call Chain = _printf_p &rArr; _printf_hex_ptr &rArr; _printf_longlong_hex &rArr; _printf_int_common &rArr; _printf_post_padding
</UL>
<BR>[Calls]<UL><LI><a href="#[10e]">&gt;&gt;</a>&nbsp;&nbsp;&nbsp;_printf_hex_ptr
</UL>

<P><STRONG><a name="[10f]"></a>_printf_f</STRONG> (Thumb, 0 bytes, Stack size unknown bytes, _printf_f.o(.ARM.Collect$$_printf_percent$$00000003))
<BR><BR>[Stack]<UL><LI>Max Depth = 324 + Unknown Stack Size
<LI>Call Chain = _printf_f &rArr; _printf_fp_dec &rArr; _printf_fp_dec_real &rArr; _fp_digits &rArr; _btod_etento &rArr; _btod_emul &rArr; _e2e
</UL>
<BR>[Calls]<UL><LI><a href="#[110]">&gt;&gt;</a>&nbsp;&nbsp;&nbsp;_printf_fp_dec
</UL>

<P><STRONG><a name="[111]"></a>_printf_e</STRONG> (Thumb, 0 bytes, Stack size unknown bytes, _printf_e.o(.ARM.Collect$$_printf_percent$$00000004))
<BR><BR>[Stack]<UL><LI>Max Depth = 324 + Unknown Stack Size
<LI>Call Chain = _printf_e &rArr; _printf_fp_dec &rArr; _printf_fp_dec_real &rArr; _fp_digits &rArr; _btod_etento &rArr; _btod_emul &rArr; _e2e
</UL>
<BR>[Calls]<UL><LI><a href="#[110]">&gt;&gt;</a>&nbsp;&nbsp;&nbsp;_printf_fp_dec
</UL>

<P><STRONG><a name="[112]"></a>_printf_g</STRONG> (Thumb, 0 bytes, Stack size unknown bytes, _printf_g.o(.ARM.Collect$$_printf_percent$$00000005))
<BR><BR>[Stack]<UL><LI>Max Depth = 324 + Unknown Stack Size
<LI>Call Chain = _printf_g &rArr; _printf_fp_dec &rArr; _printf_fp_dec_real &rArr; _fp_digits &rArr; _btod_etento &rArr; _btod_emul &rArr; _e2e
</UL>
<BR>[Calls]<UL><LI><a href="#[110]">&gt;&gt;</a>&nbsp;&nbsp;&nbsp;_printf_fp_dec
</UL>

<P><STRONG><a name="[113]"></a>_printf_a</STRONG> (Thumb, 0 bytes, Stack size unknown bytes, _printf_a.o(.ARM.Collect$$_printf_percent$$00000006))
<BR><BR>[Stack]<UL><LI>Max Depth = 112 + Unknown Stack Size
<LI>Call Chain = _printf_a &rArr; _printf_fp_hex &rArr; _printf_fp_hex_real &rArr; _printf_fp_infnan &rArr; _printf_post_padding
</UL>
<BR>[Calls]<UL><LI><a href="#[114]">&gt;&gt;</a>&nbsp;&nbsp;&nbsp;_printf_fp_hex
</UL>

<P><STRONG><a name="[4ce]"></a>_printf_ll</STRONG> (Thumb, 0 bytes, Stack size unknown bytes, _printf_ll.o(.ARM.Collect$$_printf_percent$$00000007))

<P><STRONG><a name="[115]"></a>_printf_i</STRONG> (Thumb, 0 bytes, Stack size unknown bytes, _printf_i.o(.ARM.Collect$$_printf_percent$$00000008))
<BR><BR>[Stack]<UL><LI>Max Depth = 72 + Unknown Stack Size
<LI>Call Chain = _printf_i &rArr; _printf_int_dec &rArr; _printf_int_common &rArr; _printf_post_padding
</UL>
<BR>[Calls]<UL><LI><a href="#[116]">&gt;&gt;</a>&nbsp;&nbsp;&nbsp;_printf_int_dec
</UL>

<P><STRONG><a name="[117]"></a>_printf_d</STRONG> (Thumb, 0 bytes, Stack size unknown bytes, _printf_d.o(.ARM.Collect$$_printf_percent$$00000009))
<BR><BR>[Stack]<UL><LI>Max Depth = 72 + Unknown Stack Size
<LI>Call Chain = _printf_d &rArr; _printf_int_dec &rArr; _printf_int_common &rArr; _printf_post_padding
</UL>
<BR>[Calls]<UL><LI><a href="#[116]">&gt;&gt;</a>&nbsp;&nbsp;&nbsp;_printf_int_dec
</UL>

<P><STRONG><a name="[118]"></a>_printf_u</STRONG> (Thumb, 0 bytes, Stack size unknown bytes, _printf_u.o(.ARM.Collect$$_printf_percent$$0000000A))
<BR><BR>[Stack]<UL><LI>Max Depth = 72 + Unknown Stack Size
<LI>Call Chain = _printf_u &rArr; _printf_int_dec &rArr; _printf_int_common &rArr; _printf_post_padding
</UL>
<BR>[Calls]<UL><LI><a href="#[116]">&gt;&gt;</a>&nbsp;&nbsp;&nbsp;_printf_int_dec
</UL>

<P><STRONG><a name="[119]"></a>_printf_o</STRONG> (Thumb, 0 bytes, Stack size unknown bytes, _printf_o.o(.ARM.Collect$$_printf_percent$$0000000B))
<BR><BR>[Stack]<UL><LI>Max Depth = 64 + Unknown Stack Size
<LI>Call Chain = _printf_o &rArr; _printf_int_oct &rArr; _printf_longlong_oct &rArr; _printf_int_common &rArr; _printf_post_padding
</UL>
<BR>[Calls]<UL><LI><a href="#[11a]">&gt;&gt;</a>&nbsp;&nbsp;&nbsp;_printf_int_oct
</UL>

<P><STRONG><a name="[11b]"></a>_printf_x</STRONG> (Thumb, 0 bytes, Stack size unknown bytes, _printf_x.o(.ARM.Collect$$_printf_percent$$0000000C))
<BR><BR>[Stack]<UL><LI>Max Depth = 80 + Unknown Stack Size
<LI>Call Chain = _printf_x &rArr; _printf_int_hex &rArr; _printf_longlong_hex &rArr; _printf_int_common &rArr; _printf_post_padding
</UL>
<BR>[Calls]<UL><LI><a href="#[11c]">&gt;&gt;</a>&nbsp;&nbsp;&nbsp;_printf_int_hex
</UL>

<P><STRONG><a name="[11d]"></a>_printf_lli</STRONG> (Thumb, 0 bytes, Stack size unknown bytes, _printf_lli.o(.ARM.Collect$$_printf_percent$$0000000D))
<BR><BR>[Stack]<UL><LI>Max Depth = 72 + Unknown Stack Size
<LI>Call Chain = _printf_lli &rArr; _printf_longlong_dec &rArr; _printf_int_common &rArr; _printf_post_padding
</UL>
<BR>[Calls]<UL><LI><a href="#[11e]">&gt;&gt;</a>&nbsp;&nbsp;&nbsp;_printf_longlong_dec
</UL>

<P><STRONG><a name="[11f]"></a>_printf_lld</STRONG> (Thumb, 0 bytes, Stack size unknown bytes, _printf_lld.o(.ARM.Collect$$_printf_percent$$0000000E))
<BR><BR>[Stack]<UL><LI>Max Depth = 72 + Unknown Stack Size
<LI>Call Chain = _printf_lld &rArr; _printf_longlong_dec &rArr; _printf_int_common &rArr; _printf_post_padding
</UL>
<BR>[Calls]<UL><LI><a href="#[11e]">&gt;&gt;</a>&nbsp;&nbsp;&nbsp;_printf_longlong_dec
</UL>

<P><STRONG><a name="[120]"></a>_printf_llu</STRONG> (Thumb, 0 bytes, Stack size unknown bytes, _printf_llu.o(.ARM.Collect$$_printf_percent$$0000000F))
<BR><BR>[Stack]<UL><LI>Max Depth = 72 + Unknown Stack Size
<LI>Call Chain = _printf_llu &rArr; _printf_longlong_dec &rArr; _printf_int_common &rArr; _printf_post_padding
</UL>
<BR>[Calls]<UL><LI><a href="#[11e]">&gt;&gt;</a>&nbsp;&nbsp;&nbsp;_printf_longlong_dec
</UL>

<P><STRONG><a name="[121]"></a>_printf_llo</STRONG> (Thumb, 0 bytes, Stack size unknown bytes, _printf_llo.o(.ARM.Collect$$_printf_percent$$00000010))
<BR><BR>[Stack]<UL><LI>Max Depth = 56 + Unknown Stack Size
<LI>Call Chain = _printf_llo &rArr; _printf_ll_oct &rArr; _printf_longlong_oct &rArr; _printf_int_common &rArr; _printf_post_padding
</UL>
<BR>[Calls]<UL><LI><a href="#[122]">&gt;&gt;</a>&nbsp;&nbsp;&nbsp;_printf_ll_oct
</UL>

<P><STRONG><a name="[123]"></a>_printf_llx</STRONG> (Thumb, 0 bytes, Stack size unknown bytes, _printf_llx.o(.ARM.Collect$$_printf_percent$$00000011))
<BR><BR>[Stack]<UL><LI>Max Depth = 64 + Unknown Stack Size
<LI>Call Chain = _printf_llx &rArr; _printf_ll_hex &rArr; _printf_longlong_hex &rArr; _printf_int_common &rArr; _printf_post_padding
</UL>
<BR>[Calls]<UL><LI><a href="#[124]">&gt;&gt;</a>&nbsp;&nbsp;&nbsp;_printf_ll_hex
</UL>

<P><STRONG><a name="[4cf]"></a>_printf_l</STRONG> (Thumb, 0 bytes, Stack size unknown bytes, _printf_l.o(.ARM.Collect$$_printf_percent$$00000012))

<P><STRONG><a name="[125]"></a>_printf_c</STRONG> (Thumb, 0 bytes, Stack size unknown bytes, _printf_c.o(.ARM.Collect$$_printf_percent$$00000013))
<BR><BR>[Stack]<UL><LI>Max Depth = 40 + Unknown Stack Size
<LI>Call Chain = _printf_c &rArr; _printf_char &rArr; _printf_cs_common &rArr; _printf_str &rArr; _printf_post_padding
</UL>
<BR>[Calls]<UL><LI><a href="#[126]">&gt;&gt;</a>&nbsp;&nbsp;&nbsp;_printf_char
</UL>

<P><STRONG><a name="[127]"></a>_printf_s</STRONG> (Thumb, 0 bytes, Stack size unknown bytes, _printf_s.o(.ARM.Collect$$_printf_percent$$00000014))
<BR><BR>[Stack]<UL><LI>Max Depth = 40 + Unknown Stack Size
<LI>Call Chain = _printf_s &rArr; _printf_string &rArr; _printf_cs_common &rArr; _printf_str &rArr; _printf_post_padding
</UL>
<BR>[Calls]<UL><LI><a href="#[128]">&gt;&gt;</a>&nbsp;&nbsp;&nbsp;_printf_string
</UL>

<P><STRONG><a name="[129]"></a>_printf_lc</STRONG> (Thumb, 0 bytes, Stack size unknown bytes, _printf_lc.o(.ARM.Collect$$_printf_percent$$00000015))
<BR><BR>[Stack]<UL><LI>Max Depth = 96 + Unknown Stack Size
<LI>Call Chain = _printf_lc &rArr; _printf_wchar &rArr; _printf_lcs_common &rArr; _printf_wctomb &rArr; _wcrtomb &rArr; __rt_ctype_table &rArr; __rt_locale
</UL>
<BR>[Calls]<UL><LI><a href="#[12a]">&gt;&gt;</a>&nbsp;&nbsp;&nbsp;_printf_wchar
</UL>

<P><STRONG><a name="[12b]"></a>_printf_ls</STRONG> (Thumb, 0 bytes, Stack size unknown bytes, _printf_ls.o(.ARM.Collect$$_printf_percent$$00000016))
<BR><BR>[Stack]<UL><LI>Max Depth = 96 + Unknown Stack Size
<LI>Call Chain = _printf_ls &rArr; _printf_wstring &rArr; _printf_lcs_common &rArr; _printf_wctomb &rArr; _wcrtomb &rArr; __rt_ctype_table &rArr; __rt_locale
</UL>
<BR>[Calls]<UL><LI><a href="#[12c]">&gt;&gt;</a>&nbsp;&nbsp;&nbsp;_printf_wstring
</UL>

<P><STRONG><a name="[4d0]"></a>_printf_percent_end</STRONG> (Thumb, 0 bytes, Stack size unknown bytes, _printf_percent_end.o(.ARM.Collect$$_printf_percent$$00000017))

<P><STRONG><a name="[141]"></a>__rt_lib_init</STRONG> (Thumb, 0 bytes, Stack size unknown bytes, libinit.o(.ARM.Collect$$libinit$$00000000))
<BR><BR>[Called By]<UL><LI><a href="#[140]">&gt;&gt;</a>&nbsp;&nbsp;&nbsp;__rt_entry_li
</UL>

<P><STRONG><a name="[12d]"></a>__rt_lib_init_fp_1</STRONG> (Thumb, 0 bytes, Stack size unknown bytes, libinit2.o(.ARM.Collect$$libinit$$00000001))
<BR><BR>[Calls]<UL><LI><a href="#[12e]">&gt;&gt;</a>&nbsp;&nbsp;&nbsp;_fp_init
</UL>

<P><STRONG><a name="[12f]"></a>__rt_lib_init_heap_2</STRONG> (Thumb, 0 bytes, Stack size unknown bytes, libinit2.o(.ARM.Collect$$libinit$$00000005))
<BR><BR>[Stack]<UL><LI>Max Depth = 208 + Unknown Stack Size
<LI>Call Chain = __rt_lib_init_heap_2 &rArr; _init_alloc &rArr; __Heap_Initialize &rArr; _mutex_initialize &rArr; osRtxErrorNotify &rArr; tbErr &rArr; flashLED &rArr; tbDelay_ms &rArr; tbTimeStamp &rArr; osKernelGetTickCount &rArr; svcRtxKernelGetTickCount &rArr; EvrRtxKernelGetTickCount &rArr; EventRecord2 &rArr; EventRecordItem
</UL>
<BR>[Calls]<UL><LI><a href="#[130]">&gt;&gt;</a>&nbsp;&nbsp;&nbsp;_init_alloc
</UL>

<P><STRONG><a name="[4d1]"></a>__rt_lib_init_preinit_1</STRONG> (Thumb, 0 bytes, Stack size unknown bytes, libinit2.o(.ARM.Collect$$libinit$$00000004))

<P><STRONG><a name="[4d2]"></a>__rt_lib_init_heap_1</STRONG> (Thumb, 0 bytes, Stack size unknown bytes, libinit2.o(.ARM.Collect$$libinit$$0000000A))

<P><STRONG><a name="[131]"></a>__rt_lib_init_lc_common</STRONG> (Thumb, 0 bytes, Stack size unknown bytes, libinit2.o(.ARM.Collect$$libinit$$0000000F))
<BR><BR>[Stack]<UL><LI>Max Depth = 8 + Unknown Stack Size
<LI>Call Chain = __rt_lib_init_lc_common &rArr; __rt_locale
</UL>
<BR>[Calls]<UL><LI><a href="#[132]">&gt;&gt;</a>&nbsp;&nbsp;&nbsp;__rt_locale
</UL>

<P><STRONG><a name="[4d3]"></a>__rt_lib_init_rand_1</STRONG> (Thumb, 0 bytes, Stack size unknown bytes, libinit2.o(.ARM.Collect$$libinit$$0000000E))

<P><STRONG><a name="[4d4]"></a>__rt_lib_init_user_alloc_1</STRONG> (Thumb, 0 bytes, Stack size unknown bytes, libinit2.o(.ARM.Collect$$libinit$$0000000C))

<P><STRONG><a name="[4d5]"></a>__rt_lib_init_lc_collate_1</STRONG> (Thumb, 0 bytes, Stack size unknown bytes, libinit2.o(.ARM.Collect$$libinit$$00000011))

<P><STRONG><a name="[133]"></a>__rt_lib_init_lc_ctype_2</STRONG> (Thumb, 0 bytes, Stack size unknown bytes, libinit2.o(.ARM.Collect$$libinit$$00000012))
<BR><BR>[Stack]<UL><LI>Max Depth = 8 + Unknown Stack Size
<LI>Call Chain = __rt_lib_init_lc_ctype_2 &rArr; _get_lc_ctype
</UL>
<BR>[Calls]<UL><LI><a href="#[63]">&gt;&gt;</a>&nbsp;&nbsp;&nbsp;_get_lc_ctype
</UL>

<P><STRONG><a name="[4d6]"></a>__rt_lib_init_lc_ctype_1</STRONG> (Thumb, 0 bytes, Stack size unknown bytes, libinit2.o(.ARM.Collect$$libinit$$00000013))

<P><STRONG><a name="[4d7]"></a>__rt_lib_init_lc_monetary_1</STRONG> (Thumb, 0 bytes, Stack size unknown bytes, libinit2.o(.ARM.Collect$$libinit$$00000015))

<P><STRONG><a name="[134]"></a>__rt_lib_init_lc_numeric_2</STRONG> (Thumb, 0 bytes, Stack size unknown bytes, libinit2.o(.ARM.Collect$$libinit$$00000016))
<BR><BR>[Stack]<UL><LI>Max Depth = 8 + Unknown Stack Size
<LI>Call Chain = __rt_lib_init_lc_numeric_2 &rArr; _get_lc_numeric
</UL>
<BR>[Calls]<UL><LI><a href="#[135]">&gt;&gt;</a>&nbsp;&nbsp;&nbsp;_get_lc_numeric
</UL>

<P><STRONG><a name="[4d8]"></a>__rt_lib_init_atexit_1</STRONG> (Thumb, 0 bytes, Stack size unknown bytes, libinit2.o(.ARM.Collect$$libinit$$0000001B))

<P><STRONG><a name="[4d9]"></a>__rt_lib_init_clock_1</STRONG> (Thumb, 0 bytes, Stack size unknown bytes, libinit2.o(.ARM.Collect$$libinit$$00000021))

<P><STRONG><a name="[4da]"></a>__rt_lib_init_fp_trap_1</STRONG> (Thumb, 0 bytes, Stack size unknown bytes, libinit2.o(.ARM.Collect$$libinit$$0000001F))

<P><STRONG><a name="[4db]"></a>__rt_lib_init_getenv_1</STRONG> (Thumb, 0 bytes, Stack size unknown bytes, libinit2.o(.ARM.Collect$$libinit$$00000023))

<P><STRONG><a name="[4dc]"></a>__rt_lib_init_lc_numeric_1</STRONG> (Thumb, 0 bytes, Stack size unknown bytes, libinit2.o(.ARM.Collect$$libinit$$00000017))

<P><STRONG><a name="[4dd]"></a>__rt_lib_init_lc_time_1</STRONG> (Thumb, 0 bytes, Stack size unknown bytes, libinit2.o(.ARM.Collect$$libinit$$00000019))

<P><STRONG><a name="[4de]"></a>__rt_lib_init_signal_1</STRONG> (Thumb, 0 bytes, Stack size unknown bytes, libinit2.o(.ARM.Collect$$libinit$$0000001D))

<P><STRONG><a name="[136]"></a>__rt_lib_init_stdio_2</STRONG> (Thumb, 0 bytes, Stack size unknown bytes, libinit2.o(.ARM.Collect$$libinit$$00000024))
<BR><BR>[Stack]<UL><LI>Max Depth = 624 + Unknown Stack Size
<LI>Call Chain = __rt_lib_init_stdio_2 &rArr; _initio &rArr; freopen &rArr; _freopen_locked &rArr; _sys_open &rArr; __sys_open &rArr; fat_open &rArr; path_create &rArr; frec_find &rArr; entry_pos_inc &rArr; alloc_table_read &rArr; cache_fat &rArr; EvrFsFAT_SectorWriteFailed &rArr; EventRecord4 &rArr; EventRecordItem
</UL>
<BR>[Calls]<UL><LI><a href="#[137]">&gt;&gt;</a>&nbsp;&nbsp;&nbsp;_initio
</UL>

<P><STRONG><a name="[4df]"></a>__rt_lib_init_alloca_1</STRONG> (Thumb, 0 bytes, Stack size unknown bytes, libinit2.o(.ARM.Collect$$libinit$$0000002E))

<P><STRONG><a name="[4e0]"></a>__rt_lib_init_argv_1</STRONG> (Thumb, 0 bytes, Stack size unknown bytes, libinit2.o(.ARM.Collect$$libinit$$0000002C))

<P><STRONG><a name="[4e1]"></a>__rt_lib_init_cpp_1</STRONG> (Thumb, 0 bytes, Stack size unknown bytes, libinit2.o(.ARM.Collect$$libinit$$00000032))

<P><STRONG><a name="[4e2]"></a>__rt_lib_init_exceptions_1</STRONG> (Thumb, 0 bytes, Stack size unknown bytes, libinit2.o(.ARM.Collect$$libinit$$00000030))

<P><STRONG><a name="[4e3]"></a>__rt_lib_init_return</STRONG> (Thumb, 0 bytes, Stack size unknown bytes, libinit2.o(.ARM.Collect$$libinit$$00000033))

<P><STRONG><a name="[4e4]"></a>__rt_lib_init_stdio_1</STRONG> (Thumb, 0 bytes, Stack size unknown bytes, libinit2.o(.ARM.Collect$$libinit$$00000025))

<P><STRONG><a name="[146]"></a>__rt_lib_shutdown</STRONG> (Thumb, 0 bytes, Stack size unknown bytes, libshutdown.o(.ARM.Collect$$libshutdown$$00000000))
<BR><BR>[Called By]<UL><LI><a href="#[145]">&gt;&gt;</a>&nbsp;&nbsp;&nbsp;__rt_exit_ls
</UL>

<P><STRONG><a name="[4e5]"></a>__rt_lib_shutdown_cpp_1</STRONG> (Thumb, 0 bytes, Stack size unknown bytes, libshutdown2.o(.ARM.Collect$$libshutdown$$00000002))

<P><STRONG><a name="[138]"></a>__rt_lib_shutdown_stdio_2</STRONG> (Thumb, 0 bytes, Stack size unknown bytes, libshutdown2.o(.ARM.Collect$$libshutdown$$00000003))
<BR><BR>[Stack]<UL><LI>Max Depth = 368 + Unknown Stack Size
<LI>Call Chain = __rt_lib_shutdown_stdio_2 &rArr; _terminateio &rArr; _fclose_internal &rArr; _fflush &rArr; _writebuf &rArr; _sys_write &rArr; __sys_write &rArr; fat_write &rArr; alloc_clus &rArr; alloc_table_write &rArr; cache_fat &rArr; EvrFsFAT_SectorWriteFailed &rArr; EventRecord4 &rArr; EventRecordItem
</UL>
<BR>[Calls]<UL><LI><a href="#[139]">&gt;&gt;</a>&nbsp;&nbsp;&nbsp;_terminateio
</UL>

<P><STRONG><a name="[4e6]"></a>__rt_lib_shutdown_fp_trap_1</STRONG> (Thumb, 0 bytes, Stack size unknown bytes, libshutdown2.o(.ARM.Collect$$libshutdown$$00000007))

<P><STRONG><a name="[13a]"></a>__rt_lib_shutdown_heap_2</STRONG> (Thumb, 0 bytes, Stack size unknown bytes, libshutdown2.o(.ARM.Collect$$libshutdown$$0000000D))
<BR><BR>[Stack]<UL><LI>Max Depth = 40 + Unknown Stack Size
<LI>Call Chain = __rt_lib_shutdown_heap_2 &rArr; _terminate_alloc &rArr; __Heap_Finalize &rArr; _mutex_free &rArr; osMutexDelete
</UL>
<BR>[Calls]<UL><LI><a href="#[13b]">&gt;&gt;</a>&nbsp;&nbsp;&nbsp;_terminate_alloc
</UL>

<P><STRONG><a name="[4e7]"></a>__rt_lib_shutdown_signal_1</STRONG> (Thumb, 0 bytes, Stack size unknown bytes, libshutdown2.o(.ARM.Collect$$libshutdown$$0000000A))

<P><STRONG><a name="[4e8]"></a>__rt_lib_shutdown_stdio_1</STRONG> (Thumb, 0 bytes, Stack size unknown bytes, libshutdown2.o(.ARM.Collect$$libshutdown$$00000004))

<P><STRONG><a name="[4e9]"></a>__rt_lib_shutdown_user_alloc_1</STRONG> (Thumb, 0 bytes, Stack size unknown bytes, libshutdown2.o(.ARM.Collect$$libshutdown$$0000000C))

<P><STRONG><a name="[4ea]"></a>__rt_lib_shutdown_heap_1</STRONG> (Thumb, 0 bytes, Stack size unknown bytes, libshutdown2.o(.ARM.Collect$$libshutdown$$0000000F))

<P><STRONG><a name="[4eb]"></a>__rt_lib_shutdown_return</STRONG> (Thumb, 0 bytes, Stack size unknown bytes, libshutdown2.o(.ARM.Collect$$libshutdown$$00000010))

<P><STRONG><a name="[109]"></a>__rt_entry</STRONG> (Thumb, 0 bytes, Stack size unknown bytes, __rtentry.o(.ARM.Collect$$rtentry$$00000000))
<BR><BR>[Called By]<UL><LI><a href="#[103]">&gt;&gt;</a>&nbsp;&nbsp;&nbsp;__main
<LI><a href="#[10a]">&gt;&gt;</a>&nbsp;&nbsp;&nbsp;__scatterload_rt2
</UL>

<P><STRONG><a name="[4ec]"></a>__rt_entry_presh_1</STRONG> (Thumb, 0 bytes, Stack size unknown bytes, __rtentry2.o(.ARM.Collect$$rtentry$$00000002))

<P><STRONG><a name="[13c]"></a>__rt_entry_sh</STRONG> (Thumb, 0 bytes, Stack size unknown bytes, __rtentry4.o(.ARM.Collect$$rtentry$$00000004))
<BR><BR>[Stack]<UL><LI>Max Depth = 8 + Unknown Stack Size
<LI>Call Chain = __rt_entry_sh &rArr; __user_setup_stackheap
</UL>
<BR>[Calls]<UL><LI><a href="#[13d]">&gt;&gt;</a>&nbsp;&nbsp;&nbsp;__user_setup_stackheap
</UL>

<P><STRONG><a name="[13e]"></a>__rt_entry_postsh_1</STRONG> (Thumb, 0 bytes, Stack size unknown bytes, __rtentry2.o(.ARM.Collect$$rtentry$$00000008))
<BR><BR>[Stack]<UL><LI>Max Depth = 136 + Unknown Stack Size
<LI>Call Chain = __rt_entry_postsh_1 &rArr; _platform_post_stackheap_init &rArr; osKernelInitialize &rArr; osRtxKernelPreInit &rArr; evr_initialize &rArr; EventRecorderInitialize &rArr; EventRecorderStart &rArr; EventRecordItem
</UL>
<BR>[Calls]<UL><LI><a href="#[13f]">&gt;&gt;</a>&nbsp;&nbsp;&nbsp;_platform_post_stackheap_init
</UL>

<P><STRONG><a name="[140]"></a>__rt_entry_li</STRONG> (Thumb, 0 bytes, Stack size unknown bytes, __rtentry2.o(.ARM.Collect$$rtentry$$0000000A))
<BR><BR>[Calls]<UL><LI><a href="#[141]">&gt;&gt;</a>&nbsp;&nbsp;&nbsp;__rt_lib_init
</UL>

<P><STRONG><a name="[142]"></a>__rt_entry_main</STRONG> (Thumb, 0 bytes, Stack size unknown bytes, __rtentry2.o(.ARM.Collect$$rtentry$$0000000D))
<BR><BR>[Stack]<UL><LI>Max Depth = 2232 + Unknown Stack Size
<LI>Call Chain = __rt_entry_main &rArr; main &rArr; talking_book &rArr; initControlManager &rArr; readControlDef &rArr; parseFile &rArr; parseValue &rArr; parseLstObj &rArr;  parseValue (Cycle)
</UL>
<BR>[Calls]<UL><LI><a href="#[143]">&gt;&gt;</a>&nbsp;&nbsp;&nbsp;main
<LI><a href="#[144]">&gt;&gt;</a>&nbsp;&nbsp;&nbsp;exit
</UL>

<P><STRONG><a name="[4ed]"></a>__rt_entry_postli_1</STRONG> (Thumb, 0 bytes, Stack size unknown bytes, __rtentry2.o(.ARM.Collect$$rtentry$$0000000C))

<P><STRONG><a name="[1be]"></a>__rt_exit</STRONG> (Thumb, 0 bytes, Stack size unknown bytes, rtexit.o(.ARM.Collect$$rtexit$$00000000))
<BR><BR>[Called By]<UL><LI><a href="#[144]">&gt;&gt;</a>&nbsp;&nbsp;&nbsp;exit
</UL>

<P><STRONG><a name="[145]"></a>__rt_exit_ls</STRONG> (Thumb, 0 bytes, Stack size unknown bytes, rtexit2.o(.ARM.Collect$$rtexit$$00000003))
<BR><BR>[Calls]<UL><LI><a href="#[146]">&gt;&gt;</a>&nbsp;&nbsp;&nbsp;__rt_lib_shutdown
</UL>

<P><STRONG><a name="[4ee]"></a>__rt_exit_prels_1</STRONG> (Thumb, 0 bytes, Stack size unknown bytes, rtexit2.o(.ARM.Collect$$rtexit$$00000002))

<P><STRONG><a name="[147]"></a>__rt_exit_exit</STRONG> (Thumb, 0 bytes, Stack size unknown bytes, rtexit2.o(.ARM.Collect$$rtexit$$00000004))
<BR><BR>[Calls]<UL><LI><a href="#[148]">&gt;&gt;</a>&nbsp;&nbsp;&nbsp;_sys_exit
</UL>

<P><STRONG><a name="[4ef]"></a>__asm___13_rtx_evflags_c_e167c757__atomic_wr8</STRONG> (Thumb, 16 bytes, Stack size 0 bytes, rtx_evflags.o(.emb_text), UNUSED)

<P><STRONG><a name="[1db]"></a>__asm___13_rtx_evflags_c_e167c757__atomic_set32</STRONG> (Thumb, 20 bytes, Stack size 0 bytes, rtx_evflags.o(.emb_text))
<BR><BR>[Called By]<UL><LI><a href="#[1da]">&gt;&gt;</a>&nbsp;&nbsp;&nbsp;EventFlagsSet
</UL>

<P><STRONG><a name="[4f0]"></a>__asm___13_rtx_evflags_c_e167c757__atomic_clr32</STRONG> (Thumb, 22 bytes, Stack size 0 bytes, rtx_evflags.o(.emb_text), UNUSED)

<P><STRONG><a name="[1d8]"></a>__asm___13_rtx_evflags_c_e167c757__atomic_chk32_all</STRONG> (Thumb, 38 bytes, Stack size 0 bytes, rtx_evflags.o(.emb_text))
<BR><BR>[Called By]<UL><LI><a href="#[1d7]">&gt;&gt;</a>&nbsp;&nbsp;&nbsp;EventFlagsCheck
</UL>

<P><STRONG><a name="[1d9]"></a>__asm___13_rtx_evflags_c_e167c757__atomic_chk32_any</STRONG> (Thumb, 34 bytes, Stack size 0 bytes, rtx_evflags.o(.emb_text))
<BR><BR>[Called By]<UL><LI><a href="#[1d7]">&gt;&gt;</a>&nbsp;&nbsp;&nbsp;EventFlagsCheck
</UL>

<P><STRONG><a name="[4f1]"></a>__asm___13_rtx_evflags_c_e167c757__atomic_inc32</STRONG> (Thumb, 18 bytes, Stack size 0 bytes, rtx_evflags.o(.emb_text), UNUSED)

<P><STRONG><a name="[4f2]"></a>__asm___13_rtx_evflags_c_e167c757__atomic_inc16_lt</STRONG> (Thumb, 30 bytes, Stack size 0 bytes, rtx_evflags.o(.emb_text), UNUSED)

<P><STRONG><a name="[4f3]"></a>__asm___13_rtx_evflags_c_e167c757__atomic_inc16_lim</STRONG> (Thumb, 26 bytes, Stack size 0 bytes, rtx_evflags.o(.emb_text), UNUSED)

<P><STRONG><a name="[4f4]"></a>__asm___13_rtx_evflags_c_e167c757__atomic_dec32</STRONG> (Thumb, 18 bytes, Stack size 0 bytes, rtx_evflags.o(.emb_text), UNUSED)

<P><STRONG><a name="[4f5]"></a>__asm___13_rtx_evflags_c_e167c757__atomic_dec32_nz</STRONG> (Thumb, 26 bytes, Stack size 0 bytes, rtx_evflags.o(.emb_text), UNUSED)

<P><STRONG><a name="[4f6]"></a>__asm___13_rtx_evflags_c_e167c757__atomic_dec16_nz</STRONG> (Thumb, 26 bytes, Stack size 0 bytes, rtx_evflags.o(.emb_text), UNUSED)

<P><STRONG><a name="[4f7]"></a>__asm___13_rtx_evflags_c_e167c757__atomic_link_get</STRONG> (Thumb, 26 bytes, Stack size 0 bytes, rtx_evflags.o(.emb_text), UNUSED)

<P><STRONG><a name="[149]"></a>__asm___13_rtx_evflags_c_e167c757__atomic_link_put</STRONG> (Thumb, 28 bytes, Stack size 0 bytes, rtx_evflags.o(.emb_text), UNUSED)
<BR><BR>[Calls]<UL><LI><a href="#[149]">&gt;&gt;</a>&nbsp;&nbsp;&nbsp;__asm___13_rtx_evflags_c_e167c757__atomic_link_put
</UL>
<BR>[Called By]<UL><LI><a href="#[149]">&gt;&gt;</a>&nbsp;&nbsp;&nbsp;__asm___13_rtx_evflags_c_e167c757__atomic_link_put
</UL>

<P><STRONG><a name="[4f8]"></a>__asm___13_rtx_mempool_c_7914b4c7__atomic_wr8</STRONG> (Thumb, 16 bytes, Stack size 0 bytes, rtx_mempool.o(.emb_text), UNUSED)

<P><STRONG><a name="[4f9]"></a>__asm___13_rtx_mempool_c_7914b4c7__atomic_set32</STRONG> (Thumb, 20 bytes, Stack size 0 bytes, rtx_mempool.o(.emb_text), UNUSED)

<P><STRONG><a name="[4fa]"></a>__asm___13_rtx_mempool_c_7914b4c7__atomic_clr32</STRONG> (Thumb, 22 bytes, Stack size 0 bytes, rtx_mempool.o(.emb_text), UNUSED)

<P><STRONG><a name="[4fb]"></a>__asm___13_rtx_mempool_c_7914b4c7__atomic_chk32_all</STRONG> (Thumb, 38 bytes, Stack size 0 bytes, rtx_mempool.o(.emb_text), UNUSED)

<P><STRONG><a name="[4fc]"></a>__asm___13_rtx_mempool_c_7914b4c7__atomic_chk32_any</STRONG> (Thumb, 34 bytes, Stack size 0 bytes, rtx_mempool.o(.emb_text), UNUSED)

<P><STRONG><a name="[48b]"></a>__asm___13_rtx_mempool_c_7914b4c7__atomic_inc32</STRONG> (Thumb, 18 bytes, Stack size 0 bytes, rtx_mempool.o(.emb_text))
<BR><BR>[Called By]<UL><LI><a href="#[43a]">&gt;&gt;</a>&nbsp;&nbsp;&nbsp;osRtxMemoryPoolAlloc
</UL>

<P><STRONG><a name="[4fd]"></a>__asm___13_rtx_mempool_c_7914b4c7__atomic_inc16_lt</STRONG> (Thumb, 30 bytes, Stack size 0 bytes, rtx_mempool.o(.emb_text), UNUSED)

<P><STRONG><a name="[4fe]"></a>__asm___13_rtx_mempool_c_7914b4c7__atomic_inc16_lim</STRONG> (Thumb, 26 bytes, Stack size 0 bytes, rtx_mempool.o(.emb_text), UNUSED)

<P><STRONG><a name="[48c]"></a>__asm___13_rtx_mempool_c_7914b4c7__atomic_dec32</STRONG> (Thumb, 18 bytes, Stack size 0 bytes, rtx_mempool.o(.emb_text))
<BR><BR>[Called By]<UL><LI><a href="#[47e]">&gt;&gt;</a>&nbsp;&nbsp;&nbsp;osRtxMemoryPoolFree
</UL>

<P><STRONG><a name="[4ff]"></a>__asm___13_rtx_mempool_c_7914b4c7__atomic_dec32_nz</STRONG> (Thumb, 26 bytes, Stack size 0 bytes, rtx_mempool.o(.emb_text), UNUSED)

<P><STRONG><a name="[500]"></a>__asm___13_rtx_mempool_c_7914b4c7__atomic_dec16_nz</STRONG> (Thumb, 26 bytes, Stack size 0 bytes, rtx_mempool.o(.emb_text), UNUSED)

<P><STRONG><a name="[48a]"></a>__asm___13_rtx_mempool_c_7914b4c7__atomic_link_get</STRONG> (Thumb, 26 bytes, Stack size 0 bytes, rtx_mempool.o(.emb_text))
<BR><BR>[Called By]<UL><LI><a href="#[43a]">&gt;&gt;</a>&nbsp;&nbsp;&nbsp;osRtxMemoryPoolAlloc
</UL>

<P><STRONG><a name="[14a]"></a>__asm___13_rtx_mempool_c_7914b4c7__atomic_link_put</STRONG> (Thumb, 28 bytes, Stack size 0 bytes, rtx_mempool.o(.emb_text))
<BR><BR>[Calls]<UL><LI><a href="#[14a]">&gt;&gt;</a>&nbsp;&nbsp;&nbsp;__asm___13_rtx_mempool_c_7914b4c7__atomic_link_put
</UL>
<BR>[Called By]<UL><LI><a href="#[47e]">&gt;&gt;</a>&nbsp;&nbsp;&nbsp;osRtxMemoryPoolFree
<LI><a href="#[14a]">&gt;&gt;</a>&nbsp;&nbsp;&nbsp;__asm___13_rtx_mempool_c_7914b4c7__atomic_link_put
</UL>

<P><STRONG><a name="[272]"></a>__asm___14_rtx_msgqueue_c_ba128ae8__atomic_wr8</STRONG> (Thumb, 16 bytes, Stack size 0 bytes, rtx_msgqueue.o(.emb_text))
<BR><BR>[Called By]<UL><LI><a href="#[270]">&gt;&gt;</a>&nbsp;&nbsp;&nbsp;MessageQueueGet
</UL>

<P><STRONG><a name="[501]"></a>__asm___14_rtx_msgqueue_c_ba128ae8__atomic_set32</STRONG> (Thumb, 20 bytes, Stack size 0 bytes, rtx_msgqueue.o(.emb_text), UNUSED)

<P><STRONG><a name="[502]"></a>__asm___14_rtx_msgqueue_c_ba128ae8__atomic_clr32</STRONG> (Thumb, 22 bytes, Stack size 0 bytes, rtx_msgqueue.o(.emb_text), UNUSED)

<P><STRONG><a name="[503]"></a>__asm___14_rtx_msgqueue_c_ba128ae8__atomic_chk32_all</STRONG> (Thumb, 38 bytes, Stack size 0 bytes, rtx_msgqueue.o(.emb_text), UNUSED)

<P><STRONG><a name="[504]"></a>__asm___14_rtx_msgqueue_c_ba128ae8__atomic_chk32_any</STRONG> (Thumb, 34 bytes, Stack size 0 bytes, rtx_msgqueue.o(.emb_text), UNUSED)

<P><STRONG><a name="[274]"></a>__asm___14_rtx_msgqueue_c_ba128ae8__atomic_inc32</STRONG> (Thumb, 18 bytes, Stack size 0 bytes, rtx_msgqueue.o(.emb_text))
<BR><BR>[Called By]<UL><LI><a href="#[273]">&gt;&gt;</a>&nbsp;&nbsp;&nbsp;MessageQueuePut
</UL>

<P><STRONG><a name="[505]"></a>__asm___14_rtx_msgqueue_c_ba128ae8__atomic_inc16_lt</STRONG> (Thumb, 30 bytes, Stack size 0 bytes, rtx_msgqueue.o(.emb_text), UNUSED)

<P><STRONG><a name="[506]"></a>__asm___14_rtx_msgqueue_c_ba128ae8__atomic_inc16_lim</STRONG> (Thumb, 26 bytes, Stack size 0 bytes, rtx_msgqueue.o(.emb_text), UNUSED)

<P><STRONG><a name="[507]"></a>__asm___14_rtx_msgqueue_c_ba128ae8__atomic_dec32</STRONG> (Thumb, 18 bytes, Stack size 0 bytes, rtx_msgqueue.o(.emb_text), UNUSED)

<P><STRONG><a name="[271]"></a>__asm___14_rtx_msgqueue_c_ba128ae8__atomic_dec32_nz</STRONG> (Thumb, 26 bytes, Stack size 0 bytes, rtx_msgqueue.o(.emb_text))
<BR><BR>[Called By]<UL><LI><a href="#[270]">&gt;&gt;</a>&nbsp;&nbsp;&nbsp;MessageQueueGet
</UL>

<P><STRONG><a name="[508]"></a>__asm___14_rtx_msgqueue_c_ba128ae8__atomic_dec16_nz</STRONG> (Thumb, 26 bytes, Stack size 0 bytes, rtx_msgqueue.o(.emb_text), UNUSED)

<P><STRONG><a name="[509]"></a>__asm___14_rtx_msgqueue_c_ba128ae8__atomic_link_get</STRONG> (Thumb, 26 bytes, Stack size 0 bytes, rtx_msgqueue.o(.emb_text), UNUSED)

<P><STRONG><a name="[14b]"></a>__asm___14_rtx_msgqueue_c_ba128ae8__atomic_link_put</STRONG> (Thumb, 28 bytes, Stack size 0 bytes, rtx_msgqueue.o(.emb_text), UNUSED)
<BR><BR>[Calls]<UL><LI><a href="#[14b]">&gt;&gt;</a>&nbsp;&nbsp;&nbsp;__asm___14_rtx_msgqueue_c_ba128ae8__atomic_link_put
</UL>
<BR>[Called By]<UL><LI><a href="#[14b]">&gt;&gt;</a>&nbsp;&nbsp;&nbsp;__asm___14_rtx_msgqueue_c_ba128ae8__atomic_link_put
</UL>

<P><STRONG><a name="[50a]"></a>__asm___15_rtx_semaphore_c_c705bb47__atomic_wr8</STRONG> (Thumb, 16 bytes, Stack size 0 bytes, rtx_semaphore.o(.emb_text), UNUSED)

<P><STRONG><a name="[50b]"></a>__asm___15_rtx_semaphore_c_c705bb47__atomic_set32</STRONG> (Thumb, 20 bytes, Stack size 0 bytes, rtx_semaphore.o(.emb_text), UNUSED)

<P><STRONG><a name="[50c]"></a>__asm___15_rtx_semaphore_c_c705bb47__atomic_clr32</STRONG> (Thumb, 22 bytes, Stack size 0 bytes, rtx_semaphore.o(.emb_text), UNUSED)

<P><STRONG><a name="[50d]"></a>__asm___15_rtx_semaphore_c_c705bb47__atomic_chk32_all</STRONG> (Thumb, 38 bytes, Stack size 0 bytes, rtx_semaphore.o(.emb_text), UNUSED)

<P><STRONG><a name="[50e]"></a>__asm___15_rtx_semaphore_c_c705bb47__atomic_chk32_any</STRONG> (Thumb, 34 bytes, Stack size 0 bytes, rtx_semaphore.o(.emb_text), UNUSED)

<P><STRONG><a name="[50f]"></a>__asm___15_rtx_semaphore_c_c705bb47__atomic_inc32</STRONG> (Thumb, 18 bytes, Stack size 0 bytes, rtx_semaphore.o(.emb_text), UNUSED)

<P><STRONG><a name="[292]"></a>__asm___15_rtx_semaphore_c_c705bb47__atomic_inc16_lt</STRONG> (Thumb, 30 bytes, Stack size 0 bytes, rtx_semaphore.o(.emb_text))
<BR><BR>[Called By]<UL><LI><a href="#[291]">&gt;&gt;</a>&nbsp;&nbsp;&nbsp;SemaphoreTokenIncrement
</UL>

<P><STRONG><a name="[510]"></a>__asm___15_rtx_semaphore_c_c705bb47__atomic_inc16_lim</STRONG> (Thumb, 26 bytes, Stack size 0 bytes, rtx_semaphore.o(.emb_text), UNUSED)

<P><STRONG><a name="[511]"></a>__asm___15_rtx_semaphore_c_c705bb47__atomic_dec32</STRONG> (Thumb, 18 bytes, Stack size 0 bytes, rtx_semaphore.o(.emb_text), UNUSED)

<P><STRONG><a name="[512]"></a>__asm___15_rtx_semaphore_c_c705bb47__atomic_dec32_nz</STRONG> (Thumb, 26 bytes, Stack size 0 bytes, rtx_semaphore.o(.emb_text), UNUSED)

<P><STRONG><a name="[290]"></a>__asm___15_rtx_semaphore_c_c705bb47__atomic_dec16_nz</STRONG> (Thumb, 26 bytes, Stack size 0 bytes, rtx_semaphore.o(.emb_text))
<BR><BR>[Called By]<UL><LI><a href="#[28f]">&gt;&gt;</a>&nbsp;&nbsp;&nbsp;SemaphoreTokenDecrement
</UL>

<P><STRONG><a name="[513]"></a>__asm___15_rtx_semaphore_c_c705bb47__atomic_link_get</STRONG> (Thumb, 26 bytes, Stack size 0 bytes, rtx_semaphore.o(.emb_text), UNUSED)

<P><STRONG><a name="[14c]"></a>__asm___15_rtx_semaphore_c_c705bb47__atomic_link_put</STRONG> (Thumb, 28 bytes, Stack size 0 bytes, rtx_semaphore.o(.emb_text), UNUSED)
<BR><BR>[Calls]<UL><LI><a href="#[14c]">&gt;&gt;</a>&nbsp;&nbsp;&nbsp;__asm___15_rtx_semaphore_c_c705bb47__atomic_link_put
</UL>
<BR>[Called By]<UL><LI><a href="#[14c]">&gt;&gt;</a>&nbsp;&nbsp;&nbsp;__asm___15_rtx_semaphore_c_c705bb47__atomic_link_put
</UL>

<P><STRONG><a name="[514]"></a>__asm___12_rtx_system_c_024f2f18__atomic_wr8</STRONG> (Thumb, 16 bytes, Stack size 0 bytes, rtx_system.o(.emb_text), UNUSED)

<P><STRONG><a name="[515]"></a>__asm___12_rtx_system_c_024f2f18__atomic_set32</STRONG> (Thumb, 20 bytes, Stack size 0 bytes, rtx_system.o(.emb_text), UNUSED)

<P><STRONG><a name="[516]"></a>__asm___12_rtx_system_c_024f2f18__atomic_clr32</STRONG> (Thumb, 22 bytes, Stack size 0 bytes, rtx_system.o(.emb_text), UNUSED)

<P><STRONG><a name="[517]"></a>__asm___12_rtx_system_c_024f2f18__atomic_chk32_all</STRONG> (Thumb, 38 bytes, Stack size 0 bytes, rtx_system.o(.emb_text), UNUSED)

<P><STRONG><a name="[518]"></a>__asm___12_rtx_system_c_024f2f18__atomic_chk32_any</STRONG> (Thumb, 34 bytes, Stack size 0 bytes, rtx_system.o(.emb_text), UNUSED)

<P><STRONG><a name="[519]"></a>__asm___12_rtx_system_c_024f2f18__atomic_inc32</STRONG> (Thumb, 18 bytes, Stack size 0 bytes, rtx_system.o(.emb_text), UNUSED)

<P><STRONG><a name="[43f]"></a>__asm___12_rtx_system_c_024f2f18__atomic_inc16_lt</STRONG> (Thumb, 30 bytes, Stack size 0 bytes, rtx_system.o(.emb_text))
<BR><BR>[Called By]<UL><LI><a href="#[43e]">&gt;&gt;</a>&nbsp;&nbsp;&nbsp;isr_queue_put
</UL>

<P><STRONG><a name="[43d]"></a>__asm___12_rtx_system_c_024f2f18__atomic_inc16_lim</STRONG> (Thumb, 26 bytes, Stack size 0 bytes, rtx_system.o(.emb_text))
<BR><BR>[Called By]<UL><LI><a href="#[43e]">&gt;&gt;</a>&nbsp;&nbsp;&nbsp;isr_queue_put
<LI><a href="#[43b]">&gt;&gt;</a>&nbsp;&nbsp;&nbsp;isr_queue_get
</UL>

<P><STRONG><a name="[51a]"></a>__asm___12_rtx_system_c_024f2f18__atomic_dec32</STRONG> (Thumb, 18 bytes, Stack size 0 bytes, rtx_system.o(.emb_text), UNUSED)

<P><STRONG><a name="[51b]"></a>__asm___12_rtx_system_c_024f2f18__atomic_dec32_nz</STRONG> (Thumb, 26 bytes, Stack size 0 bytes, rtx_system.o(.emb_text), UNUSED)

<P><STRONG><a name="[43c]"></a>__asm___12_rtx_system_c_024f2f18__atomic_dec16_nz</STRONG> (Thumb, 26 bytes, Stack size 0 bytes, rtx_system.o(.emb_text))
<BR><BR>[Called By]<UL><LI><a href="#[43b]">&gt;&gt;</a>&nbsp;&nbsp;&nbsp;isr_queue_get
</UL>

<P><STRONG><a name="[51c]"></a>__asm___12_rtx_system_c_024f2f18__atomic_link_get</STRONG> (Thumb, 26 bytes, Stack size 0 bytes, rtx_system.o(.emb_text), UNUSED)

<P><STRONG><a name="[14d]"></a>__asm___12_rtx_system_c_024f2f18__atomic_link_put</STRONG> (Thumb, 28 bytes, Stack size 0 bytes, rtx_system.o(.emb_text), UNUSED)
<BR><BR>[Calls]<UL><LI><a href="#[14d]">&gt;&gt;</a>&nbsp;&nbsp;&nbsp;__asm___12_rtx_system_c_024f2f18__atomic_link_put
</UL>
<BR>[Called By]<UL><LI><a href="#[14d]">&gt;&gt;</a>&nbsp;&nbsp;&nbsp;__asm___12_rtx_system_c_024f2f18__atomic_link_put
</UL>

<P><STRONG><a name="[51d]"></a>__asm___12_rtx_thread_c_add96be5__atomic_wr8</STRONG> (Thumb, 16 bytes, Stack size 0 bytes, rtx_thread.o(.emb_text), UNUSED)

<P><STRONG><a name="[297]"></a>__asm___12_rtx_thread_c_add96be5__atomic_set32</STRONG> (Thumb, 20 bytes, Stack size 0 bytes, rtx_thread.o(.emb_text))
<BR><BR>[Called By]<UL><LI><a href="#[296]">&gt;&gt;</a>&nbsp;&nbsp;&nbsp;ThreadFlagsSet
</UL>

<P><STRONG><a name="[51e]"></a>__asm___12_rtx_thread_c_add96be5__atomic_clr32</STRONG> (Thumb, 22 bytes, Stack size 0 bytes, rtx_thread.o(.emb_text), UNUSED)

<P><STRONG><a name="[294]"></a>__asm___12_rtx_thread_c_add96be5__atomic_chk32_all</STRONG> (Thumb, 38 bytes, Stack size 0 bytes, rtx_thread.o(.emb_text))
<BR><BR>[Called By]<UL><LI><a href="#[293]">&gt;&gt;</a>&nbsp;&nbsp;&nbsp;ThreadFlagsCheck
</UL>

<P><STRONG><a name="[295]"></a>__asm___12_rtx_thread_c_add96be5__atomic_chk32_any</STRONG> (Thumb, 34 bytes, Stack size 0 bytes, rtx_thread.o(.emb_text))
<BR><BR>[Called By]<UL><LI><a href="#[293]">&gt;&gt;</a>&nbsp;&nbsp;&nbsp;ThreadFlagsCheck
</UL>

<P><STRONG><a name="[51f]"></a>__asm___12_rtx_thread_c_add96be5__atomic_inc32</STRONG> (Thumb, 18 bytes, Stack size 0 bytes, rtx_thread.o(.emb_text), UNUSED)

<P><STRONG><a name="[520]"></a>__asm___12_rtx_thread_c_add96be5__atomic_inc16_lt</STRONG> (Thumb, 30 bytes, Stack size 0 bytes, rtx_thread.o(.emb_text), UNUSED)

<P><STRONG><a name="[521]"></a>__asm___12_rtx_thread_c_add96be5__atomic_inc16_lim</STRONG> (Thumb, 26 bytes, Stack size 0 bytes, rtx_thread.o(.emb_text), UNUSED)

<P><STRONG><a name="[522]"></a>__asm___12_rtx_thread_c_add96be5__atomic_dec32</STRONG> (Thumb, 18 bytes, Stack size 0 bytes, rtx_thread.o(.emb_text), UNUSED)

<P><STRONG><a name="[523]"></a>__asm___12_rtx_thread_c_add96be5__atomic_dec32_nz</STRONG> (Thumb, 26 bytes, Stack size 0 bytes, rtx_thread.o(.emb_text), UNUSED)

<P><STRONG><a name="[524]"></a>__asm___12_rtx_thread_c_add96be5__atomic_dec16_nz</STRONG> (Thumb, 26 bytes, Stack size 0 bytes, rtx_thread.o(.emb_text), UNUSED)

<P><STRONG><a name="[525]"></a>__asm___12_rtx_thread_c_add96be5__atomic_link_get</STRONG> (Thumb, 26 bytes, Stack size 0 bytes, rtx_thread.o(.emb_text), UNUSED)

<P><STRONG><a name="[14e]"></a>__asm___12_rtx_thread_c_add96be5__atomic_link_put</STRONG> (Thumb, 28 bytes, Stack size 0 bytes, rtx_thread.o(.emb_text), UNUSED)
<BR><BR>[Calls]<UL><LI><a href="#[14e]">&gt;&gt;</a>&nbsp;&nbsp;&nbsp;__asm___12_rtx_thread_c_add96be5__atomic_link_put
</UL>
<BR>[Called By]<UL><LI><a href="#[14e]">&gt;&gt;</a>&nbsp;&nbsp;&nbsp;__asm___12_rtx_thread_c_add96be5__atomic_link_put
</UL>

<P><STRONG><a name="[230]"></a>__asm___15_EventRecorder_c_e8d3082c__atomic_inc8</STRONG> (Thumb, 18 bytes, Stack size 0 bytes, eventrecorder.o(.emb_text))
<BR><BR>[Called By]<UL><LI><a href="#[1e4]">&gt;&gt;</a>&nbsp;&nbsp;&nbsp;GetContext
</UL>

<P><STRONG><a name="[1df]"></a>__asm___15_EventRecorder_c_e8d3082c__atomic_inc32</STRONG> (Thumb, 18 bytes, Stack size 0 bytes, eventrecorder.o(.emb_text))
<BR><BR>[Called By]<UL><LI><a href="#[1e2]">&gt;&gt;</a>&nbsp;&nbsp;&nbsp;EventRecordItem
<LI><a href="#[1dc]">&gt;&gt;</a>&nbsp;&nbsp;&nbsp;EventGetTS
</UL>

<P><STRONG><a name="[1de]"></a>__asm___15_EventRecorder_c_e8d3082c__atomic_xch32</STRONG> (Thumb, 16 bytes, Stack size 0 bytes, eventrecorder.o(.emb_text))
<BR><BR>[Called By]<UL><LI><a href="#[1dc]">&gt;&gt;</a>&nbsp;&nbsp;&nbsp;EventGetTS
</UL>

<P><STRONG><a name="[1e6]"></a>__asm___15_EventRecorder_c_e8d3082c__LockRecord</STRONG> (Thumb, 34 bytes, Stack size 0 bytes, eventrecorder.o(.emb_text))
<BR><BR>[Called By]<UL><LI><a href="#[1e2]">&gt;&gt;</a>&nbsp;&nbsp;&nbsp;EventRecordItem
</UL>

<P><STRONG><a name="[1e7]"></a>__asm___15_EventRecorder_c_e8d3082c__UnlockRecord</STRONG> (Thumb, 30 bytes, Stack size 0 bytes, eventrecorder.o(.emb_text))
<BR><BR>[Called By]<UL><LI><a href="#[1e2]">&gt;&gt;</a>&nbsp;&nbsp;&nbsp;EventRecordItem
</UL>

<P><STRONG><a name="[d]"></a>BusFault_Handler</STRONG> (Thumb, 0 bytes, Stack size unknown bytes, hardfault.o(.text))
<BR><BR>[Stack]<UL><LI>Max Depth = 200 + Unknown Stack Size
<LI>Call Chain = BusFault_Handler &rArr; HardFault_Handler_C &rArr; tbErr &rArr; flashLED &rArr; tbDelay_ms &rArr; tbTimeStamp &rArr; osKernelGetTickCount &rArr; svcRtxKernelGetTickCount &rArr; EvrRtxKernelGetTickCount &rArr; EventRecord2 &rArr; EventRecordItem
</UL>
<BR>[Calls]<UL><LI><a href="#[14f]">&gt;&gt;</a>&nbsp;&nbsp;&nbsp;HardFault_Handler_C
</UL>
<BR>[Address Reference Count : 1]<UL><LI> startup_stm32f412vx.o(RESET)
</UL>
<P><STRONG><a name="[b]"></a>HardFault_Handler</STRONG> (Thumb, 0 bytes, Stack size unknown bytes, hardfault.o(.text))
<BR>[Address Reference Count : 1]<UL><LI> startup_stm32f412vx.o(RESET)
</UL>
<P><STRONG><a name="[c]"></a>MemManage_Handler</STRONG> (Thumb, 0 bytes, Stack size unknown bytes, hardfault.o(.text))
<BR>[Address Reference Count : 1]<UL><LI> startup_stm32f412vx.o(RESET)
</UL>
<P><STRONG><a name="[a]"></a>NMI_Handler</STRONG> (Thumb, 0 bytes, Stack size unknown bytes, hardfault.o(.text))
<BR>[Address Reference Count : 1]<UL><LI> startup_stm32f412vx.o(RESET)
</UL>
<P><STRONG><a name="[e]"></a>UsageFault_Handler</STRONG> (Thumb, 0 bytes, Stack size unknown bytes, hardfault.o(.text))
<BR>[Address Reference Count : 1]<UL><LI> startup_stm32f412vx.o(RESET)
</UL>
<P><STRONG><a name="[526]"></a>_maybe_terminate_alloc</STRONG> (Thumb, 0 bytes, Stack size unknown bytes, maybetermalloc2.o(.emb_text), UNUSED)

<P><STRONG><a name="[f]"></a>SVC_Handler</STRONG> (Thumb, 152 bytes, Stack size 0 bytes, irq_cm4f.o(.text))
<BR>[Address Reference Count : 1]<UL><LI> startup_stm32f412vx.o(RESET)
</UL>
<P><STRONG><a name="[11]"></a>PendSV_Handler</STRONG> (Thumb, 16 bytes, Stack size 0 bytes, irq_cm4f.o(.text))
<BR><BR>[Stack]<UL><LI>Max Depth = 224 + Unknown Stack Size
<LI>Call Chain = PendSV_Handler &rArr; osRtxPendSV_Handler &rArr; osRtxThreadDispatch &rArr; osRtxThreadSwitch &rArr; osRtxThreadStackCheck &rArr; osRtxErrorNotify &rArr; tbErr &rArr; flashLED &rArr; tbDelay_ms &rArr; tbTimeStamp &rArr; osKernelGetTickCount &rArr; svcRtxKernelGetTickCount &rArr; EvrRtxKernelGetTickCount &rArr; EventRecord2 &rArr; EventRecordItem
</UL>
<BR>[Calls]<UL><LI><a href="#[150]">&gt;&gt;</a>&nbsp;&nbsp;&nbsp;osRtxPendSV_Handler
</UL>
<BR>[Address Reference Count : 1]<UL><LI> startup_stm32f412vx.o(RESET)
</UL>
<P><STRONG><a name="[12]"></a>SysTick_Handler</STRONG> (Thumb, 16 bytes, Stack size 0 bytes, irq_cm4f.o(.text))
<BR><BR>[Stack]<UL><LI>Max Depth = 216 + Unknown Stack Size
<LI>Call Chain = SysTick_Handler &rArr; osRtxTick_Handler &rArr; osRtxThreadDispatch &rArr; osRtxThreadSwitch &rArr; osRtxThreadStackCheck &rArr; osRtxErrorNotify &rArr; tbErr &rArr; flashLED &rArr; tbDelay_ms &rArr; tbTimeStamp &rArr; osKernelGetTickCount &rArr; svcRtxKernelGetTickCount &rArr; EvrRtxKernelGetTickCount &rArr; EventRecord2 &rArr; EventRecordItem
</UL>
<BR>[Calls]<UL><LI><a href="#[151]">&gt;&gt;</a>&nbsp;&nbsp;&nbsp;osRtxTick_Handler
</UL>
<BR>[Address Reference Count : 2]<UL><LI> startup_stm32f412vx.o(RESET)
<LI> rtx_kernel.o(i.svcRtxKernelStart)
</UL>
<P><STRONG><a name="[9]"></a>Reset_Handler</STRONG> (Thumb, 8 bytes, Stack size 0 bytes, startup_stm32f412vx.o(.text))
<BR>[Address Reference Count : 1]<UL><LI> startup_stm32f412vx.o(RESET)
</UL>
<P><STRONG><a name="[10]"></a>DebugMon_Handler</STRONG> (Thumb, 2 bytes, Stack size 0 bytes, startup_stm32f412vx.o(.text))
<BR><BR>[Calls]<UL><LI><a href="#[10]">&gt;&gt;</a>&nbsp;&nbsp;&nbsp;DebugMon_Handler
</UL>
<BR>[Called By]<UL><LI><a href="#[10]">&gt;&gt;</a>&nbsp;&nbsp;&nbsp;DebugMon_Handler
</UL>
<BR>[Address Reference Count : 1]<UL><LI> startup_stm32f412vx.o(RESET)
</UL>
<P><STRONG><a name="[25]"></a>ADC_IRQHandler</STRONG> (Thumb, 0 bytes, Stack size 0 bytes, startup_stm32f412vx.o(.text))
<BR><BR>[Calls]<UL><LI><a href="#[25]">&gt;&gt;</a>&nbsp;&nbsp;&nbsp;ADC_IRQHandler
</UL>
<BR>[Called By]<UL><LI><a href="#[25]">&gt;&gt;</a>&nbsp;&nbsp;&nbsp;ADC_IRQHandler
</UL>
<BR>[Address Reference Count : 1]<UL><LI> startup_stm32f412vx.o(RESET)
</UL>
<P><STRONG><a name="[27]"></a>CAN1_RX0_IRQHandler</STRONG> (Thumb, 0 bytes, Stack size 0 bytes, startup_stm32f412vx.o(.text))
<BR>[Address Reference Count : 1]<UL><LI> startup_stm32f412vx.o(RESET)
</UL>
<P><STRONG><a name="[28]"></a>CAN1_RX1_IRQHandler</STRONG> (Thumb, 0 bytes, Stack size 0 bytes, startup_stm32f412vx.o(.text))
<BR>[Address Reference Count : 1]<UL><LI> startup_stm32f412vx.o(RESET)
</UL>
<P><STRONG><a name="[29]"></a>CAN1_SCE_IRQHandler</STRONG> (Thumb, 0 bytes, Stack size 0 bytes, startup_stm32f412vx.o(.text))
<BR>[Address Reference Count : 1]<UL><LI> startup_stm32f412vx.o(RESET)
</UL>
<P><STRONG><a name="[26]"></a>CAN1_TX_IRQHandler</STRONG> (Thumb, 0 bytes, Stack size 0 bytes, startup_stm32f412vx.o(.text))
<BR>[Address Reference Count : 1]<UL><LI> startup_stm32f412vx.o(RESET)
</UL>
<P><STRONG><a name="[50]"></a>CAN2_RX0_IRQHandler</STRONG> (Thumb, 0 bytes, Stack size 0 bytes, startup_stm32f412vx.o(.text))
<BR>[Address Reference Count : 1]<UL><LI> startup_stm32f412vx.o(RESET)
</UL>
<P><STRONG><a name="[51]"></a>CAN2_RX1_IRQHandler</STRONG> (Thumb, 0 bytes, Stack size 0 bytes, startup_stm32f412vx.o(.text))
<BR>[Address Reference Count : 1]<UL><LI> startup_stm32f412vx.o(RESET)
</UL>
<P><STRONG><a name="[52]"></a>CAN2_SCE_IRQHandler</STRONG> (Thumb, 0 bytes, Stack size 0 bytes, startup_stm32f412vx.o(.text))
<BR>[Address Reference Count : 1]<UL><LI> startup_stm32f412vx.o(RESET)
</UL>
<P><STRONG><a name="[4f]"></a>CAN2_TX_IRQHandler</STRONG> (Thumb, 0 bytes, Stack size 0 bytes, startup_stm32f412vx.o(.text))
[...]
<LI><a href="#[3f7]">&gt;&gt;</a>&nbsp;&nbsp;&nbsp;entry_type
<LI><a href="#[3a9]">&gt;&gt;</a>&nbsp;&nbsp;&nbsp;entry_read
<LI><a href="#[3af]">&gt;&gt;</a>&nbsp;&nbsp;&nbsp;entry_pos_inc
<LI><a href="#[1f1]">&gt;&gt;</a>&nbsp;&nbsp;&nbsp;EvrFsFAT_NameCacheEntryInsert
</UL>
<BR>[Called By]<UL><LI><a href="#[3cc]">&gt;&gt;</a>&nbsp;&nbsp;&nbsp;fat_ffind
</UL>

<P><STRONG><a name="[3df]"></a>fsinfo_read</STRONG> (Thumb, 158 bytes, Stack size 16 bytes, fs_fat.o(i.fsinfo_read))
<BR><BR>[Stack]<UL><LI>Max Depth = 136<LI>Call Chain = fsinfo_read &rArr; read_sector &rArr; EvrFsFAT_SectorReadFailed &rArr; EventRecord4 &rArr; EventRecordItem
</UL>
<BR>[Calls]<UL><LI><a href="#[1e0]">&gt;&gt;</a>&nbsp;&nbsp;&nbsp;EventRecord2
<LI><a href="#[37c]">&gt;&gt;</a>&nbsp;&nbsp;&nbsp;read_sector
<LI><a href="#[365]">&gt;&gt;</a>&nbsp;&nbsp;&nbsp;get_u32
</UL>
<BR>[Called By]<UL><LI><a href="#[3dd]">&gt;&gt;</a>&nbsp;&nbsp;&nbsp;fat_mount
</UL>

<P><STRONG><a name="[3cb]"></a>fsinfo_write</STRONG> (Thumb, 100 bytes, Stack size 16 bytes, fs_fat.o(i.fsinfo_write))
<BR><BR>[Stack]<UL><LI>Max Depth = 160<LI>Call Chain = fsinfo_write &rArr; write_cache &rArr; write_sector &rArr; EvrFsFAT_SectorWriteFailed &rArr; EventRecord4 &rArr; EventRecordItem
</UL>
<BR>[Calls]<UL><LI><a href="#[1e0]">&gt;&gt;</a>&nbsp;&nbsp;&nbsp;EventRecord2
<LI><a href="#[391]">&gt;&gt;</a>&nbsp;&nbsp;&nbsp;write_cache
<LI><a href="#[367]">&gt;&gt;</a>&nbsp;&nbsp;&nbsp;set_u32
<LI><a href="#[366]">&gt;&gt;</a>&nbsp;&nbsp;&nbsp;set_u16
<LI><a href="#[18b]">&gt;&gt;</a>&nbsp;&nbsp;&nbsp;__aeabi_memclr
</UL>
<BR>[Called By]<UL><LI><a href="#[32d]">&gt;&gt;</a>&nbsp;&nbsp;&nbsp;fat_open
<LI><a href="#[325]">&gt;&gt;</a>&nbsp;&nbsp;&nbsp;fat_flush
<LI><a href="#[322]">&gt;&gt;</a>&nbsp;&nbsp;&nbsp;fat_close
<LI><a href="#[3dd]">&gt;&gt;</a>&nbsp;&nbsp;&nbsp;fat_mount
<LI><a href="#[3d2]">&gt;&gt;</a>&nbsp;&nbsp;&nbsp;fat_format
</UL>

<P><STRONG><a name="[360]"></a>get_EOC</STRONG> (Thumb, 34 bytes, Stack size 0 bytes, fs_fat.o(i.get_EOC))
<BR><BR>[Called By]<UL><LI><a href="#[3e3]">&gt;&gt;</a>&nbsp;&nbsp;&nbsp;unlink_clus
<LI><a href="#[3af]">&gt;&gt;</a>&nbsp;&nbsp;&nbsp;entry_pos_inc
<LI><a href="#[35e]">&gt;&gt;</a>&nbsp;&nbsp;&nbsp;alloc_clus
<LI><a href="#[334]">&gt;&gt;</a>&nbsp;&nbsp;&nbsp;fat_seek
</UL>

<P><STRONG><a name="[362]"></a>get_fat_sect</STRONG> (Thumb, 50 bytes, Stack size 0 bytes, fs_fat.o(i.get_fat_sect))
<BR><BR>[Called By]<UL><LI><a href="#[361]">&gt;&gt;</a>&nbsp;&nbsp;&nbsp;alloc_table_write
<LI><a href="#[35f]">&gt;&gt;</a>&nbsp;&nbsp;&nbsp;alloc_table_read
</UL>

<P><STRONG><a name="[3d9]"></a>get_root_clus</STRONG> (Thumb, 16 bytes, Stack size 0 bytes, fs_fat.o(i.get_root_clus))
<BR><BR>[Called By]<UL><LI><a href="#[3cd]">&gt;&gt;</a>&nbsp;&nbsp;&nbsp;path_init
<LI><a href="#[3dd]">&gt;&gt;</a>&nbsp;&nbsp;&nbsp;fat_mount
<LI><a href="#[3d2]">&gt;&gt;</a>&nbsp;&nbsp;&nbsp;fat_format
</UL>

<P><STRONG><a name="[3d5]"></a>label_write</STRONG> (Thumb, 106 bytes, Stack size 24 bytes, fs_fat.o(i.label_write))
<BR><BR>[Stack]<UL><LI>Max Depth = 168<LI>Call Chain = label_write &rArr; write_cache &rArr; write_sector &rArr; EvrFsFAT_SectorWriteFailed &rArr; EventRecord4 &rArr; EventRecordItem
</UL>
<BR>[Calls]<UL><LI><a href="#[391]">&gt;&gt;</a>&nbsp;&nbsp;&nbsp;write_cache
<LI><a href="#[3ab]">&gt;&gt;</a>&nbsp;&nbsp;&nbsp;format_time
<LI><a href="#[3ac]">&gt;&gt;</a>&nbsp;&nbsp;&nbsp;format_date
<LI><a href="#[366]">&gt;&gt;</a>&nbsp;&nbsp;&nbsp;set_u16
<LI><a href="#[18b]">&gt;&gt;</a>&nbsp;&nbsp;&nbsp;__aeabi_memclr
<LI><a href="#[3aa]">&gt;&gt;</a>&nbsp;&nbsp;&nbsp;fs_get_time
</UL>
<BR>[Called By]<UL><LI><a href="#[3d2]">&gt;&gt;</a>&nbsp;&nbsp;&nbsp;fat_format
</UL>

<P><STRONG><a name="[3f9]"></a>lfn_char_cnt</STRONG> (Thumb, 26 bytes, Stack size 0 bytes, fs_fat.o(i.lfn_char_cnt))
<BR><BR>[Called By]<UL><LI><a href="#[3cf]">&gt;&gt;</a>&nbsp;&nbsp;&nbsp;frec_next
<LI><a href="#[3f8]">&gt;&gt;</a>&nbsp;&nbsp;&nbsp;frec_find
</UL>

<P><STRONG><a name="[3e5]"></a>link_clus</STRONG> (Thumb, 4 bytes, Stack size 0 bytes, fs_fat.o(i.link_clus))
<BR><BR>[Stack]<UL><LI>Max Depth = 152<LI>Call Chain = link_clus &rArr; alloc_table_write &rArr; cache_fat &rArr; EvrFsFAT_SectorWriteFailed &rArr; EventRecord4 &rArr; EventRecordItem
</UL>
<BR>[Calls]<UL><LI><a href="#[361]">&gt;&gt;</a>&nbsp;&nbsp;&nbsp;alloc_table_write
</UL>
<BR>[Called By]<UL><LI><a href="#[3f5]">&gt;&gt;</a>&nbsp;&nbsp;&nbsp;frec_allocate
<LI><a href="#[337]">&gt;&gt;</a>&nbsp;&nbsp;&nbsp;fat_write
<LI><a href="#[334]">&gt;&gt;</a>&nbsp;&nbsp;&nbsp;fat_seek
</UL>

<P><STRONG><a name="[3fa]"></a>long_ent_hash</STRONG> (Thumb, 34 bytes, Stack size 32 bytes, fs_fat.o(i.long_ent_hash))
<BR><BR>[Stack]<UL><LI>Max Depth = 44<LI>Call Chain = long_ent_hash &rArr; fat_crc32
</UL>
<BR>[Calls]<UL><LI><a href="#[447]">&gt;&gt;</a>&nbsp;&nbsp;&nbsp;fat_crc32
</UL>
<BR>[Called By]<UL><LI><a href="#[3cf]">&gt;&gt;</a>&nbsp;&nbsp;&nbsp;frec_next
<LI><a href="#[3f8]">&gt;&gt;</a>&nbsp;&nbsp;&nbsp;frec_find
</UL>

<P><STRONG><a name="[3de]"></a>mbr_read</STRONG> (Thumb, 110 bytes, Stack size 8 bytes, fs_fat.o(i.mbr_read))
<BR><BR>[Stack]<UL><LI>Max Depth = 128<LI>Call Chain = mbr_read &rArr; read_sector &rArr; EvrFsFAT_SectorReadFailed &rArr; EventRecord4 &rArr; EventRecordItem
</UL>
<BR>[Calls]<UL><LI><a href="#[1e0]">&gt;&gt;</a>&nbsp;&nbsp;&nbsp;EventRecord2
<LI><a href="#[37c]">&gt;&gt;</a>&nbsp;&nbsp;&nbsp;read_sector
<LI><a href="#[364]">&gt;&gt;</a>&nbsp;&nbsp;&nbsp;get_u16
<LI><a href="#[365]">&gt;&gt;</a>&nbsp;&nbsp;&nbsp;get_u32
</UL>
<BR>[Called By]<UL><LI><a href="#[3dd]">&gt;&gt;</a>&nbsp;&nbsp;&nbsp;fat_mount
</UL>

<P><STRONG><a name="[3d4]"></a>mbr_write</STRONG> (Thumb, 198 bytes, Stack size 16 bytes, fs_fat.o(i.mbr_write))
<BR><BR>[Stack]<UL><LI>Max Depth = 136<LI>Call Chain = mbr_write &rArr; write_sector &rArr; EvrFsFAT_SectorWriteFailed &rArr; EventRecord4 &rArr; EventRecordItem
</UL>
<BR>[Calls]<UL><LI><a href="#[1e0]">&gt;&gt;</a>&nbsp;&nbsp;&nbsp;EventRecord2
<LI><a href="#[37e]">&gt;&gt;</a>&nbsp;&nbsp;&nbsp;write_sector
<LI><a href="#[367]">&gt;&gt;</a>&nbsp;&nbsp;&nbsp;set_u32
<LI><a href="#[366]">&gt;&gt;</a>&nbsp;&nbsp;&nbsp;set_u16
<LI><a href="#[18b]">&gt;&gt;</a>&nbsp;&nbsp;&nbsp;__aeabi_memclr
</UL>
<BR>[Called By]<UL><LI><a href="#[3d2]">&gt;&gt;</a>&nbsp;&nbsp;&nbsp;fat_format
</UL>

<P><STRONG><a name="[46d]"></a>name_analyse</STRONG> (Thumb, 176 bytes, Stack size 40 bytes, fs_fat.o(i.name_analyse))
<BR><BR>[Stack]<UL><LI>Max Depth = 40<LI>Call Chain = name_analyse
</UL>
<BR>[Calls]<UL><LI><a href="#[46e]">&gt;&gt;</a>&nbsp;&nbsp;&nbsp;char_validate
</UL>
<BR>[Called By]<UL><LI><a href="#[3ce]">&gt;&gt;</a>&nbsp;&nbsp;&nbsp;path_open
<LI><a href="#[3e4]">&gt;&gt;</a>&nbsp;&nbsp;&nbsp;path_create
</UL>

<P><STRONG><a name="[46f]"></a>name_basis_gen</STRONG> (Thumb, 180 bytes, Stack size 40 bytes, fs_fat.o(i.name_basis_gen))
<BR><BR>[Stack]<UL><LI>Max Depth = 40<LI>Call Chain = name_basis_gen
</UL>
<BR>[Calls]<UL><LI><a href="#[46e]">&gt;&gt;</a>&nbsp;&nbsp;&nbsp;char_validate
</UL>
<BR>[Called By]<UL><LI><a href="#[3e4]">&gt;&gt;</a>&nbsp;&nbsp;&nbsp;path_create
</UL>

<P><STRONG><a name="[400]"></a>name_hash</STRONG> (Thumb, 8 bytes, Stack size 0 bytes, fs_fat.o(i.name_hash))
<BR><BR>[Stack]<UL><LI>Max Depth = 12<LI>Call Chain = name_hash &rArr; fat_crc32
</UL>
<BR>[Calls]<UL><LI><a href="#[447]">&gt;&gt;</a>&nbsp;&nbsp;&nbsp;fat_crc32
</UL>
<BR>[Called By]<UL><LI><a href="#[3e4]">&gt;&gt;</a>&nbsp;&nbsp;&nbsp;path_create
<LI><a href="#[3ff]">&gt;&gt;</a>&nbsp;&nbsp;&nbsp;frec_find_elink
</UL>

<P><STRONG><a name="[4b2]"></a>name_nt_gen</STRONG> (Thumb, 288 bytes, Stack size 24 bytes, fs_fat.o(i.name_nt_gen))
<BR><BR>[Stack]<UL><LI>Max Depth = 24<LI>Call Chain = name_nt_gen
</UL>
<BR>[Called By]<UL><LI><a href="#[3e4]">&gt;&gt;</a>&nbsp;&nbsp;&nbsp;path_create
</UL>

<P><STRONG><a name="[4b1]"></a>name_strip</STRONG> (Thumb, 82 bytes, Stack size 12 bytes, fs_fat.o(i.name_strip))
<BR><BR>[Stack]<UL><LI>Max Depth = 12<LI>Call Chain = name_strip
</UL>
<BR>[Called By]<UL><LI><a href="#[3ce]">&gt;&gt;</a>&nbsp;&nbsp;&nbsp;path_open
<LI><a href="#[3e4]">&gt;&gt;</a>&nbsp;&nbsp;&nbsp;path_create
</UL>

<P><STRONG><a name="[470]"></a>name_validate</STRONG> (Thumb, 56 bytes, Stack size 24 bytes, fs_fat.o(i.name_validate))
<BR><BR>[Stack]<UL><LI>Max Depth = 104<LI>Call Chain = name_validate &rArr; EventRecord2 &rArr; EventRecordItem
</UL>
<BR>[Calls]<UL><LI><a href="#[1e0]">&gt;&gt;</a>&nbsp;&nbsp;&nbsp;EventRecord2
<LI><a href="#[46e]">&gt;&gt;</a>&nbsp;&nbsp;&nbsp;char_validate
</UL>
<BR>[Called By]<UL><LI><a href="#[3e1]">&gt;&gt;</a>&nbsp;&nbsp;&nbsp;path_validate
</UL>

<P><STRONG><a name="[3e4]"></a>path_create</STRONG> (Thumb, 574 bytes, Stack size 144 bytes, fs_fat.o(i.path_create))
<BR><BR>[Stack]<UL><LI>Max Depth = 440<LI>Call Chain = path_create &rArr; frec_find &rArr; entry_pos_inc &rArr; alloc_table_read &rArr; cache_fat &rArr; EvrFsFAT_SectorWriteFailed &rArr; EventRecord4 &rArr; EventRecordItem
</UL>
<BR>[Calls]<UL><LI><a href="#[3fe]">&gt;&gt;</a>&nbsp;&nbsp;&nbsp;elink_insert
<LI><a href="#[4b3]">&gt;&gt;</a>&nbsp;&nbsp;&nbsp;elink_dir
<LI><a href="#[3d8]">&gt;&gt;</a>&nbsp;&nbsp;&nbsp;elink_cmd
<LI><a href="#[3fb]">&gt;&gt;</a>&nbsp;&nbsp;&nbsp;sn_chksum
<LI><a href="#[3fd]">&gt;&gt;</a>&nbsp;&nbsp;&nbsp;short_ent_hash
<LI><a href="#[4b1]">&gt;&gt;</a>&nbsp;&nbsp;&nbsp;name_strip
<LI><a href="#[4b2]">&gt;&gt;</a>&nbsp;&nbsp;&nbsp;name_nt_gen
<LI><a href="#[400]">&gt;&gt;</a>&nbsp;&nbsp;&nbsp;name_hash
<LI><a href="#[46f]">&gt;&gt;</a>&nbsp;&nbsp;&nbsp;name_basis_gen
<LI><a href="#[46d]">&gt;&gt;</a>&nbsp;&nbsp;&nbsp;name_analyse
<LI><a href="#[3ff]">&gt;&gt;</a>&nbsp;&nbsp;&nbsp;frec_find_elink
<LI><a href="#[3f8]">&gt;&gt;</a>&nbsp;&nbsp;&nbsp;frec_find
<LI><a href="#[3f5]">&gt;&gt;</a>&nbsp;&nbsp;&nbsp;frec_allocate
<LI><a href="#[3b0]">&gt;&gt;</a>&nbsp;&nbsp;&nbsp;create_sfn_entry
<LI><a href="#[3ae]">&gt;&gt;</a>&nbsp;&nbsp;&nbsp;create_lfn_entry
<LI><a href="#[3a8]">&gt;&gt;</a>&nbsp;&nbsp;&nbsp;create_dot_entries
<LI><a href="#[38f]">&gt;&gt;</a>&nbsp;&nbsp;&nbsp;clear_clus
<LI><a href="#[363]">&gt;&gt;</a>&nbsp;&nbsp;&nbsp;cache_fat
<LI><a href="#[35e]">&gt;&gt;</a>&nbsp;&nbsp;&nbsp;alloc_clus
<LI><a href="#[1f1]">&gt;&gt;</a>&nbsp;&nbsp;&nbsp;EvrFsFAT_NameCacheEntryInsert
<LI><a href="#[185]">&gt;&gt;</a>&nbsp;&nbsp;&nbsp;__aeabi_memcpy4
<LI><a href="#[1bb]">&gt;&gt;</a>&nbsp;&nbsp;&nbsp;__aeabi_memcpy
<LI><a href="#[27a]">&gt;&gt;</a>&nbsp;&nbsp;&nbsp;strlen
</UL>
<BR>[Called By]<UL><LI><a href="#[32d]">&gt;&gt;</a>&nbsp;&nbsp;&nbsp;fat_open
</UL>

<P><STRONG><a name="[3cd]"></a>path_init</STRONG> (Thumb, 50 bytes, Stack size 16 bytes, fs_fat.o(i.path_init))
<BR><BR>[Stack]<UL><LI>Max Depth = 16<LI>Call Chain = path_init
</UL>
<BR>[Calls]<UL><LI><a href="#[4b3]">&gt;&gt;</a>&nbsp;&nbsp;&nbsp;elink_dir
<LI><a href="#[3d9]">&gt;&gt;</a>&nbsp;&nbsp;&nbsp;get_root_clus
</UL>
<BR>[Called By]<UL><LI><a href="#[32d]">&gt;&gt;</a>&nbsp;&nbsp;&nbsp;fat_open
<LI><a href="#[3cc]">&gt;&gt;</a>&nbsp;&nbsp;&nbsp;fat_ffind
</UL>

<P><STRONG><a name="[3ce]"></a>path_open</STRONG> (Thumb, 176 bytes, Stack size 24 bytes, fs_fat.o(i.path_open))
<BR><BR>[Stack]<UL><LI>Max Depth = 320<LI>Call Chain = path_open &rArr; frec_find &rArr; entry_pos_inc &rArr; alloc_table_read &rArr; cache_fat &rArr; EvrFsFAT_SectorWriteFailed &rArr; EventRecord4 &rArr; EventRecordItem
</UL>
<BR>[Calls]<UL><LI><a href="#[4b3]">&gt;&gt;</a>&nbsp;&nbsp;&nbsp;elink_dir
<LI><a href="#[1e0]">&gt;&gt;</a>&nbsp;&nbsp;&nbsp;EventRecord2
<LI><a href="#[4b1]">&gt;&gt;</a>&nbsp;&nbsp;&nbsp;name_strip
<LI><a href="#[46d]">&gt;&gt;</a>&nbsp;&nbsp;&nbsp;name_analyse
<LI><a href="#[3ff]">&gt;&gt;</a>&nbsp;&nbsp;&nbsp;frec_find_elink
<LI><a href="#[3f8]">&gt;&gt;</a>&nbsp;&nbsp;&nbsp;frec_find
<LI><a href="#[364]">&gt;&gt;</a>&nbsp;&nbsp;&nbsp;get_u16
</UL>
<BR>[Called By]<UL><LI><a href="#[32d]">&gt;&gt;</a>&nbsp;&nbsp;&nbsp;fat_open
<LI><a href="#[3cc]">&gt;&gt;</a>&nbsp;&nbsp;&nbsp;fat_ffind
</UL>

<P><STRONG><a name="[3e1]"></a>path_validate</STRONG> (Thumb, 88 bytes, Stack size 24 bytes, fs_fat.o(i.path_validate))
<BR><BR>[Stack]<UL><LI>Max Depth = 128<LI>Call Chain = path_validate &rArr; name_validate &rArr; EventRecord2 &rArr; EventRecordItem
</UL>
<BR>[Calls]<UL><LI><a href="#[1e0]">&gt;&gt;</a>&nbsp;&nbsp;&nbsp;EventRecord2
<LI><a href="#[470]">&gt;&gt;</a>&nbsp;&nbsp;&nbsp;name_validate
</UL>
<BR>[Called By]<UL><LI><a href="#[32d]">&gt;&gt;</a>&nbsp;&nbsp;&nbsp;fat_open
</UL>

<P><STRONG><a name="[3e0]"></a>read_cache</STRONG> (Thumb, 134 bytes, Stack size 16 bytes, fs_fat.o(i.read_cache))
<BR><BR>[Stack]<UL><LI>Max Depth = 136<LI>Call Chain = read_cache &rArr; read_sector &rArr; EvrFsFAT_SectorReadFailed &rArr; EventRecord4 &rArr; EventRecordItem
</UL>
<BR>[Calls]<UL><LI><a href="#[37c]">&gt;&gt;</a>&nbsp;&nbsp;&nbsp;read_sector
<LI><a href="#[1f3]">&gt;&gt;</a>&nbsp;&nbsp;&nbsp;EvrFsFAT_SectorReadFailed
<LI><a href="#[1bb]">&gt;&gt;</a>&nbsp;&nbsp;&nbsp;__aeabi_memcpy
</UL>
<BR>[Called By]<UL><LI><a href="#[331]">&gt;&gt;</a>&nbsp;&nbsp;&nbsp;fat_read
<LI><a href="#[3dd]">&gt;&gt;</a>&nbsp;&nbsp;&nbsp;fat_mount
</UL>

<P><STRONG><a name="[37c]"></a>read_sector</STRONG> (Thumb, 92 bytes, Stack size 16 bytes, fs_fat.o(i.read_sector))
<BR><BR>[Stack]<UL><LI>Max Depth = 120<LI>Call Chain = read_sector &rArr; EvrFsFAT_SectorReadFailed &rArr; EventRecord4 &rArr; EventRecordItem
</UL>
<BR>[Calls]<UL><LI><a href="#[1f3]">&gt;&gt;</a>&nbsp;&nbsp;&nbsp;EvrFsFAT_SectorReadFailed
<LI><a href="#[1bb]">&gt;&gt;</a>&nbsp;&nbsp;&nbsp;__aeabi_memcpy
</UL>
<BR>[Called By]<UL><LI><a href="#[3e0]">&gt;&gt;</a>&nbsp;&nbsp;&nbsp;read_cache
<LI><a href="#[3de]">&gt;&gt;</a>&nbsp;&nbsp;&nbsp;mbr_read
<LI><a href="#[3df]">&gt;&gt;</a>&nbsp;&nbsp;&nbsp;fsinfo_read
<LI><a href="#[3a9]">&gt;&gt;</a>&nbsp;&nbsp;&nbsp;entry_read
<LI><a href="#[37b]">&gt;&gt;</a>&nbsp;&nbsp;&nbsp;bs_read
<LI><a href="#[337]">&gt;&gt;</a>&nbsp;&nbsp;&nbsp;fat_write
<LI><a href="#[334]">&gt;&gt;</a>&nbsp;&nbsp;&nbsp;fat_seek
</UL>

<P><STRONG><a name="[3fc]"></a>sfn_extract</STRONG> (Thumb, 72 bytes, Stack size 8 bytes, fs_fat.o(i.sfn_extract))
<BR><BR>[Stack]<UL><LI>Max Depth = 8<LI>Call Chain = sfn_extract
</UL>
<BR>[Called By]<UL><LI><a href="#[3fd]">&gt;&gt;</a>&nbsp;&nbsp;&nbsp;short_ent_hash
<LI><a href="#[3cf]">&gt;&gt;</a>&nbsp;&nbsp;&nbsp;frec_next
<LI><a href="#[3f8]">&gt;&gt;</a>&nbsp;&nbsp;&nbsp;frec_find
</UL>

<P><STRONG><a name="[3fd]"></a>short_ent_hash</STRONG> (Thumb, 26 bytes, Stack size 24 bytes, fs_fat.o(i.short_ent_hash))
<BR><BR>[Stack]<UL><LI>Max Depth = 36<LI>Call Chain = short_ent_hash &rArr; fat_crc32
</UL>
<BR>[Calls]<UL><LI><a href="#[3fc]">&gt;&gt;</a>&nbsp;&nbsp;&nbsp;sfn_extract
<LI><a href="#[447]">&gt;&gt;</a>&nbsp;&nbsp;&nbsp;fat_crc32
</UL>
<BR>[Called By]<UL><LI><a href="#[3e4]">&gt;&gt;</a>&nbsp;&nbsp;&nbsp;path_create
<LI><a href="#[3cf]">&gt;&gt;</a>&nbsp;&nbsp;&nbsp;frec_next
<LI><a href="#[3f8]">&gt;&gt;</a>&nbsp;&nbsp;&nbsp;frec_find
</UL>

<P><STRONG><a name="[3fb]"></a>sn_chksum</STRONG> (Thumb, 30 bytes, Stack size 0 bytes, fs_fat.o(i.sn_chksum))
<BR><BR>[Called By]<UL><LI><a href="#[3e4]">&gt;&gt;</a>&nbsp;&nbsp;&nbsp;path_create
<LI><a href="#[3cf]">&gt;&gt;</a>&nbsp;&nbsp;&nbsp;frec_next
<LI><a href="#[3f8]">&gt;&gt;</a>&nbsp;&nbsp;&nbsp;frec_find
</UL>

<P><STRONG><a name="[3e3]"></a>unlink_clus</STRONG> (Thumb, 114 bytes, Stack size 24 bytes, fs_fat.o(i.unlink_clus))
<BR><BR>[Stack]<UL><LI>Max Depth = 176<LI>Call Chain = unlink_clus &rArr; alloc_table_write &rArr; cache_fat &rArr; EvrFsFAT_SectorWriteFailed &rArr; EventRecord4 &rArr; EventRecordItem
</UL>
<BR>[Calls]<UL><LI><a href="#[360]">&gt;&gt;</a>&nbsp;&nbsp;&nbsp;get_EOC
<LI><a href="#[361]">&gt;&gt;</a>&nbsp;&nbsp;&nbsp;alloc_table_write
<LI><a href="#[35f]">&gt;&gt;</a>&nbsp;&nbsp;&nbsp;alloc_table_read
</UL>
<BR>[Called By]<UL><LI><a href="#[32d]">&gt;&gt;</a>&nbsp;&nbsp;&nbsp;fat_open
</UL>

<P><STRONG><a name="[391]"></a>write_cache</STRONG> (Thumb, 188 bytes, Stack size 24 bytes, fs_fat.o(i.write_cache))
<BR><BR>[Stack]<UL><LI>Max Depth = 144<LI>Call Chain = write_cache &rArr; write_sector &rArr; EvrFsFAT_SectorWriteFailed &rArr; EventRecord4 &rArr; EventRecordItem
</UL>
<BR>[Calls]<UL><LI><a href="#[37e]">&gt;&gt;</a>&nbsp;&nbsp;&nbsp;write_sector
<LI><a href="#[1f4]">&gt;&gt;</a>&nbsp;&nbsp;&nbsp;EvrFsFAT_SectorWriteFailed
<LI><a href="#[1bb]">&gt;&gt;</a>&nbsp;&nbsp;&nbsp;__aeabi_memcpy
</UL>
<BR>[Called By]<UL><LI><a href="#[3d5]">&gt;&gt;</a>&nbsp;&nbsp;&nbsp;label_write
<LI><a href="#[3cb]">&gt;&gt;</a>&nbsp;&nbsp;&nbsp;fsinfo_write
<LI><a href="#[38f]">&gt;&gt;</a>&nbsp;&nbsp;&nbsp;clear_clus
<LI><a href="#[337]">&gt;&gt;</a>&nbsp;&nbsp;&nbsp;fat_write
<LI><a href="#[334]">&gt;&gt;</a>&nbsp;&nbsp;&nbsp;fat_seek
<LI><a href="#[325]">&gt;&gt;</a>&nbsp;&nbsp;&nbsp;fat_flush
<LI><a href="#[322]">&gt;&gt;</a>&nbsp;&nbsp;&nbsp;fat_close
<LI><a href="#[3d2]">&gt;&gt;</a>&nbsp;&nbsp;&nbsp;fat_format
</UL>

<P><STRONG><a name="[37e]"></a>write_sector</STRONG> (Thumb, 60 bytes, Stack size 16 bytes, fs_fat.o(i.write_sector))
<BR><BR>[Stack]<UL><LI>Max Depth = 120<LI>Call Chain = write_sector &rArr; EvrFsFAT_SectorWriteFailed &rArr; EventRecord4 &rArr; EventRecordItem
</UL>
<BR>[Calls]<UL><LI><a href="#[383]">&gt;&gt;</a>&nbsp;&nbsp;&nbsp;fsj_write
<LI><a href="#[1f4]">&gt;&gt;</a>&nbsp;&nbsp;&nbsp;EvrFsFAT_SectorWriteFailed
</UL>
<BR>[Called By]<UL><LI><a href="#[391]">&gt;&gt;</a>&nbsp;&nbsp;&nbsp;write_cache
<LI><a href="#[3d4]">&gt;&gt;</a>&nbsp;&nbsp;&nbsp;mbr_write
<LI><a href="#[3ad]">&gt;&gt;</a>&nbsp;&nbsp;&nbsp;entry_flush
<LI><a href="#[37d]">&gt;&gt;</a>&nbsp;&nbsp;&nbsp;bs_write
</UL>

<P><STRONG><a name="[156]"></a>Heap1_SizeAdjust</STRONG> (Thumb, 8 bytes, Stack size 0 bytes, h1_alloc_mt.o(.text))
<BR><BR>[Called By]<UL><LI><a href="#[155]">&gt;&gt;</a>&nbsp;&nbsp;&nbsp;_malloc_internal
</UL>

<P><STRONG><a name="[17e]"></a>_freopen_locked</STRONG> (Thumb, 174 bytes, Stack size 32 bytes, fopen_locked.o(.text))
<BR><BR>[Stack]<UL><LI>Max Depth = 592 + Unknown Stack Size
<LI>Call Chain = _freopen_locked &rArr; _sys_open &rArr; __sys_open &rArr; fat_open &rArr; path_create &rArr; frec_find &rArr; entry_pos_inc &rArr; alloc_table_read &rArr; cache_fat &rArr; EvrFsFAT_SectorWriteFailed &rArr; EventRecord4 &rArr; EventRecordItem
</UL>
<BR>[Calls]<UL><LI><a href="#[107]">&gt;&gt;</a>&nbsp;&nbsp;&nbsp;_mutex_release
<LI><a href="#[104]">&gt;&gt;</a>&nbsp;&nbsp;&nbsp;_mutex_acquire
<LI><a href="#[17f]">&gt;&gt;</a>&nbsp;&nbsp;&nbsp;_sys_open
<LI><a href="#[174]">&gt;&gt;</a>&nbsp;&nbsp;&nbsp;_fclose_internal
<LI><a href="#[17c]">&gt;&gt;</a>&nbsp;&nbsp;&nbsp;_fseek
</UL>
<BR>[Called By]<UL><LI><a href="#[181]">&gt;&gt;</a>&nbsp;&nbsp;&nbsp;fopen
<LI><a href="#[180]">&gt;&gt;</a>&nbsp;&nbsp;&nbsp;freopen
</UL>

<P><STRONG><a name="[65]"></a>_printf_input_char</STRONG> (Thumb, 10 bytes, Stack size 0 bytes, _printf_char_common.o(.text))
<BR>[Address Reference Count : 1]<UL><LI> _printf_char_common.o(.text)
</UL>
<P><STRONG><a name="[19e]"></a>_fp_digits</STRONG> (Thumb, 432 bytes, Stack size 96 bytes, _printf_fp_dec.o(.text))
<BR><BR>[Stack]<UL><LI>Max Depth = 220<LI>Call Chain = _fp_digits &rArr; _btod_etento &rArr; _btod_emul &rArr; _e2e
</UL>
<BR>[Calls]<UL><LI><a href="#[1a2]">&gt;&gt;</a>&nbsp;&nbsp;&nbsp;_btod_emul
<LI><a href="#[1a1]">&gt;&gt;</a>&nbsp;&nbsp;&nbsp;_btod_ediv
<LI><a href="#[1a0]">&gt;&gt;</a>&nbsp;&nbsp;&nbsp;_btod_d2e
<LI><a href="#[19f]">&gt;&gt;</a>&nbsp;&nbsp;&nbsp;_btod_etento
<LI><a href="#[194]">&gt;&gt;</a>&nbsp;&nbsp;&nbsp;_ll_udiv10
</UL>
<BR>[Called By]<UL><LI><a href="#[1a3]">&gt;&gt;</a>&nbsp;&nbsp;&nbsp;_printf_fp_dec_real
</UL>

<P><STRONG><a name="[66]"></a>_scanf_char_input</STRONG> (Thumb, 12 bytes, Stack size 0 bytes, scanf_char.o(.text))
<BR>[Address Reference Count : 1]<UL><LI> scanf_char.o(.text)
</UL><P>
<H3>
Undefined Global Symbols
</H3><HR></body></html>
