<html>
<body>
<pre>
<h1>µVision Build Log</h1>
<h2>Tool Versions:</h2>
IDE-Version: µVision V5.31.0.0
Copyright (C) 2020 ARM Ltd and ARM Germany GmbH. All rights reserved.
License Information: Gene Ball, Amplio, LIC=Z3CQC-RVJ0Z-NX1ZU-Q27HQ-GT95F-MZ3I9
 
Tool Versions:
Toolchain:       MDK-ARM Professional  Version: 5.31.0.0
Toolchain Path:  C:\Keil_v5\ARM\ARMCC\Bin
C Compiler:      Armcc.exe V5.06 update 6 (build 750)
Assembler:       Armasm.exe V5.06 update 6 (build 750)
Linker/Locator:  ArmLink.exe V5.06 update 6 (build 750)
Library Manager: ArmAr.exe V5.06 update 6 (build 750)
Hex Converter:   FromElf.exe V5.06 update 6 (build 750)
CPU DLL:         SARMCM3.DLL V5.31.0.0
Dialog DLL:      DCM.DLL V1.17.3.0
Target DLL:      STLink\ST-LINKIII-KEIL_SWO.dll V3.0.7.0
Dialog DLL:      TCM.DLL V1.46.0.0
 
<h2>Project:</h2>
C:\Silver6TB\AmplioSTM\TBook\TBook_16July\TBook_Rev2b.uvprojx
Project File Date:  12/28/2020

<h2>Output:</h2>
*** Using Compiler 'V5.06 update 6 (build 750)', folder: 'C:\Keil_v5\ARM\ARMCC\Bin'
Rebuild target 'TBv2b'
compiling main.c...
compiling tbUtil.c...
compiling tbook.c...
compiling controlParser.c...
compiling controlmanagertest.c...
compiling controlmanager.c...
compiling inputmanager.c...
compiling ledmanager.c...
compiling tknTable.c...
compiling mediaplayer.c...
compiling logger.c...
compiling powermanager.c...
compiling encAudio.c...
compiling audio.c...
compiling USBD_User_Device_MSC_LUN.c...
compiling mp3.c...
compiling norLog.c...
compiling fileOps.c...
assembling hardfault.s...
compiling W25Q64JV.c...
compiling huffman.c...
compiling layer3.c...
compiling GPIO_STM32F4xx.c...
compiling layer12.c...
Src\libmad\layer12.c(194): warning:  #1293-D: assignment in condition
        if ((nb = allocation[0][sb])) {
Src\libmad\layer12.c(287): warning:  #1293-D: assignment in condition
    if ((nb = quantclass->group)) {
Src\libmad\layer12.c(487): warning:  #1293-D: assignment in condition
  	if ((index = allocation[ch][sb])) {
Src\libmad\layer12.c(505): warning:  #1293-D: assignment in condition
        if ((index = allocation[0][sb])) {
Src\libmad\layer12.c: 4 warnings, 0 errors
compiling synth.c...
compiling frame.c...
Src\libmad\frame.c(70): warning:  #188-D: enumerated type mixed with another type
    header->layer          = 0;
Src\libmad\frame.c(71): warning:  #188-D: enumerated type mixed with another type
    header->mode           = 0;
Src\libmad\frame.c(73): warning:  #188-D: enumerated type mixed with another type
    header->emphasis       = 0;
Src\libmad\frame.c(145): warning:  #188-D: enumerated type mixed with another type
    header->layer = 4 - mad_bit_read(&stream->ptr, 2);
Src\libmad\frame.c(197): warning:  #188-D: enumerated type mixed with another type
    header->mode = 3 - mad_bit_read(&stream->ptr, 2);
Src\libmad\frame.c(211): warning:  #188-D: enumerated type mixed with another type
    header->emphasis = mad_bit_read(&stream->ptr, 2);
Src\libmad\frame.c: 6 warnings, 0 errors
compiling decoder.c...
Src\libmad\decoder.c(76): warning:  #188-D: enumerated type mixed with another type
    decoder->mode         = -1;
Src\libmad\decoder.c(76): warning:  #68-D: integer conversion resulted in a change of sign
    decoder->mode         = -1;
Src\libmad\decoder.c: 2 warnings, 0 errors
compiling I2S_stm32F4xx.c...
compiling timer.c...
Src\libmad\timer.c(127): warning:  #223-D: function "abort" declared implicitly
    assert(factor != 0);
Src\libmad\timer.c(144): warning:  #223-D: function "abort" declared implicitly
    assert(denom != 0);
Src\libmad\timer.c: 2 warnings, 0 errors
compiling bit.c...
compiling version.c...
compiling stream.c...
compiling fixed.c...
compiling FS_Debug.c...
compiling FS_Config.c...
compiling USB_Debug.c...
compiling RTX_Config.c...
compiling USBD_Config_0.c...
compiling rtx_evr.c...
compiling rtx_delay.c...
compiling rtx_evflags.c...
compiling rtx_kernel.c...
compiling rtx_lib.c...
compiling rtx_memory.c...
compiling rtx_msgqueue.c...
compiling rtx_mempool.c...
compiling rtx_semaphore.c...
compiling rtx_system.c...
compiling rtx_mutex.c...
compiling os_systick.c...
assembling irq_cm4f.s...
compiling rtx_timer.c...
compiling retarget_io.c...
compiling rtx_thread.c...
assembling startup_stm32f412vx.s...
compiling EventRecorder.c...
compiling I2C_STM32F4xx.c...
compiling MCI_STM32F4xx.c...
compiling OTG_FS_STM32F4xx.c...
compiling stm32f4xx_hal.c...
compiling SPI_STM32F4xx.c...
compiling USBD_FS_STM32F4xx.c...
compiling stm32f4xx_hal_cortex.c...
compiling stm32f4xx_hal_dma.c...
compiling stm32f4xx_hal_dma_ex.c...
compiling stm32f4xx_hal_gpio.c...
compiling stm32f4xx_hal_i2c.c...
compiling stm32f4xx_hal_pwr.c...
compiling stm32f4xx_hal_pwr_ex.c...
compiling stm32f4xx_hal_qspi.c...
compiling stm32f4xx_hal_rcc.c...
compiling stm32f4xx_hal_rcc_ex.c...
compiling aes.c...
compiling aesni.c...
compiling bignum.c...
compiling entropy.c...
compiling system_stm32f4xx.c...
compiling error.c...
compiling pk.c...
compiling pk_wrap.c...
compiling base64.c...
compiling rsa.c...
compiling ctr_drbg.c...
compiling platform.c...
compiling pkparse.c...
compiling asn1parse.c...
compiling rsa_internal.c...
compiling sha1.c...
compiling platform_util.c...
compiling sha512.c...
compiling oid.c...
compiling pem.c...
compiling md.c...
compiling sha256.c...
compiling stm32f4xx_hal_spi.c...
compiling codecI2C.c...
compiling ti_aic3100.c...
linking...
Program Size: Code=203864 RO-data=56100 RW-data=39424 ZI-data=220476  
FromELF: creating hex file...
".\Objects\TBookRev2b.axf" - 0 Error(s), 14 Warning(s).

<h2>Software Packages used:</h2>

Package Vendor: ARM
                http://www.keil.com/pack/ARM.CMSIS.5.7.0.pack
                ARM.CMSIS.5.7.0
                CMSIS (Cortex Microcontroller Software Interface Standard)
   * Component: Flash Version: 2.3.0
   * Component: I2C Version: 2.4.0
   * Component: MCI Version: 2.4.0
   * Component: SPI Version: 2.3.0
   * Component: USB Device Version: 2.3.0
   * Component: RTOS2 Version: 2.1.3
   * Component: Custom Version: 1.0.0
   * Component: CORE Version: 5.4.0
   * Component: Keil RTX5 Variant: Source Version: 5.5.2

Package Vendor: Keil
                http://www.keil.com/pack/Keil.ARM_Compiler.1.6.3.pack
                Keil.ARM_Compiler.1.6.3
                Keil ARM Compiler extensions for ARM Compiler 5 and ARM Compiler 6
   * Component: Event Recorder Variant: DAP Version: 1.4.0
   * Component: File Variant: File System Version: 1.2.0
   * Component: STDERR Variant: ITM Version: 1.2.0
   * Component: STDOUT Variant: ITM Version: 1.2.0

Package Vendor: Keil
                http://www.keil.com/pack/Keil.STM32F4xx_DFP.2.14.0.pack
                Keil.STM32F4xx_DFP.2.14.0
                STMicroelectronics STM32F4 Series Device Support, Drivers and Examples
   * Component: STM32Cube Framework Version: 1.0.0
   * Component: I2C Version: 2.9
   * Component: MCI Version: 2.8
   * Component: SPI Version: 2.12
   * Component: Full-speed Version: 2.21
   * Component: Classic Version: 1.7.6
   * Component: ADC Version: 1.7.6
   * Component: Common Version: 1.7.6
   * Component: Cortex Version: 1.7.6
   * Component: DMA Version: 1.7.6
   * Component: Flash Version: 1.7.6
   * Component: GPIO Version: 1.7.6
   * Component: I2C Version: 1.7.6
   * Component: NAND Version: 1.7.6
   * Component: NOR Version: 1.7.6
   * Component: PWR Version: 1.7.6
   * Component: QSPI Version: 1.7.6
   * Component: RCC Version: 1.7.6
   * Component: SPI Version: 1.7.6
   * Component: Startup Version: 2.6.3

<h2>Collection of Component include folders:</h2>
  .\RTE\_TBv2b
  C:\Keil_v5\ARM\PACK\ARM\CMSIS\5.7.0\CMSIS\Driver\Include
  C:\Keil_v5\ARM\PACK\Keil\STM32F4xx_DFP\2.14.0\Drivers\CMSIS\Device\ST\STM32F4xx\Include

<h2>Collection of Component Files used:</h2>

   * Component: ::CMSIS Driver:Flash:2.3.0 (API)
      Include file:  CMSIS\Driver\Include\Driver_Flash.h

   * Component: ::CMSIS Driver:I2C:2.4.0 (API)
      Include file:  CMSIS\Driver\Include\Driver_I2C.h

   * Component: ::CMSIS Driver:MCI:2.4.0 (API)
      Include file:  CMSIS\Driver\Include\Driver_MCI.h

   * Component: ::CMSIS Driver:SPI:2.3.0 (API)
      Include file:  CMSIS\Driver\Include\Driver_SPI.h

   * Component: ::CMSIS Driver:USB Device:2.3.0 (API)
      Include file:  CMSIS\Driver\Include\Driver_USBD.h

   * Component: ::CMSIS:RTOS2:2.1.3 (API)
      Include file:  CMSIS\RTOS2\Include\cmsis_os2.h

   * Component: ::Device:STM32Cube Framework:1.0.0 (API)

   * Component: ARM::CMSIS Driver:Flash:Custom:1.0.0
      Source file:   CMSIS\Driver\DriverTemplates\Driver_Flash.c
      Include file:  CMSIS\Driver\Include\Driver_Flash.h

   * Component: ARM::CMSIS:CORE:5.4.0

   * Component: ARM::CMSIS:RTOS2:Keil RTX5:Source:5.5.2
      Source file:   CMSIS\RTOS2\RTX\Source\rtx_system.c
      Source file:   CMSIS\RTOS2\RTX\Source\rtx_evr.c
      Source file:   CMSIS\RTOS2\RTX\Source\rtx_mutex.c
      Source file:   CMSIS\RTOS2\RTX\Source\rtx_memory.c
      Source file:   CMSIS\RTOS2\RTX\Source\ARM\irq_cm4f.s
      Source file:   CMSIS\RTOS2\RTX\Source\rtx_msgqueue.c
      Source file:   CMSIS\RTOS2\RTX\Source\rtx_lib.c
      Source file:   CMSIS\RTOS2\RTX\Source\rtx_semaphore.c
      Source file:   CMSIS\RTOS2\RTX\Source\rtx_mempool.c
      Source file:   CMSIS\RTOS2\Source\os_systick.c
      Source file:   CMSIS\RTOS2\RTX\Template\main.c
      Source file:   CMSIS\RTOS2\RTX\Template\svc_user.c
      Source file:   CMSIS\RTOS2\RTX\Source\rtx_thread.c
      Source file:   CMSIS\RTOS2\RTX\Config\RTX_Config.c
      Source file:   CMSIS\RTOS2\RTX\Template\Mutex.c
      Source file:   CMSIS\RTOS2\RTX\Source\rtx_delay.c
      Source file:   CMSIS\RTOS2\RTX\Source\rtx_timer.c
      Source file:   CMSIS\RTOS2\RTX\Template\Events.c
      Source file:   CMSIS\RTOS2\RTX\Template\Semaphore.c
      Include file:  CMSIS\RTOS2\RTX\Include\rtx_os.h
      Source file:   CMSIS\RTOS2\RTX\Template\Thread.c
      Include file:  CMSIS\RTOS2\RTX\Config\RTX_Config.h
      Source file:   CMSIS\RTOS2\RTX\Template\MemPool.c
      Source file:   CMSIS\RTOS2\RTX\Template\MsgQueue.c
      Source file:   CMSIS\RTOS2\RTX\Template\Timer.c
      Source file:   CMSIS\RTOS2\RTX\Source\rtx_kernel.c
      Source file:   CMSIS\RTOS2\RTX\Source\rtx_evflags.c

   * Component: ARM::Security:mbed Crypto:3.0.1
      Source file:   library\ctr_drbg.c
      Source file:   library\des.c
      Source file:   library\dhm.c
      Source file:   library\base64.c
      Source file:   library\ecdh.c
      Source file:   library\cipher.c
      Source file:   library\cipher_wrap.c
      Source file:   library\blowfish.c
      Source file:   library\camellia.c
      Source file:   library\arc4.c
      Source file:   library\asn1parse.c
      Source file:   library\chachapoly.c
      Source file:   library\aria.c
      Source file:   library\bignum.c
      Source file:   library\ccm.c
      Source file:   library\aes.c
      Source file:   library\chacha20.c
      Source file:   library\asn1write.c
      Source file:   library\cmac.c
      Include file:  configs\mbedTLS_config.h
      Source file:   library\psa_crypto_se.c
      Source file:   library\pk_wrap.c
      Source file:   library\entropy_poll.c
      Source file:   library\psa_crypto_slot_management.c
      Source file:   library\ecp_curves.c
      Source file:   library\pem.c
      Source file:   library\pkcs5.c
      Source file:   library\nist_kw.c
      Source file:   library\ecp.c
      Source file:   library\md.c
      Source file:   library\entropy.c
      Source file:   library\oid.c
      Source file:   library\pkcs12.c
      Source file:   library\pkwrite.c
      Source file:   library\platform.c
      Source file:   library\psa_crypto.c
      Source file:   library\psa_crypto_storage.c
      Source file:   library\havege.c
      Source file:   library\md2.c
      Source file:   library\memory_buffer_alloc.c
      Source file:   library\md5.c
      Source file:   library\hkdf.c
      Source file:   library\md4.c
      Source file:   library\ecjpake.c
      Source file:   library\gcm.c
      Source file:   library\pk.c
      Source file:   library\pkparse.c
      Source file:   library\error.c
      Source file:   library\ecdsa.c
      Source file:   library\hmac_drbg.c
      Source file:   library\platform_util.c
      Source file:   library\poly1305.c
      Source file:   library\sha256.c
      Source file:   library\psa_its_file.c
      Source file:   library\rsa_internal.c
      Source file:   library\threading.c
      Source file:   library\rsa.c
      Source file:   library\timing.c
      Source file:   library\sha512.c
      Source file:   library\ripemd160.c
      Source file:   library\version_features.c
      Source file:   library\xtea.c
      Source file:   library\version.c
      Source file:   library\sha1.c

   * Component: Keil.ARM Compiler::Compiler:Event Recorder:DAP:1.4.0
      Source file:   Source\EventRecorder.c
      Include file:  Include\EventRecorder.h
      Include file:  Config\EventRecorderConf.h

   * Component: Keil.ARM Compiler::Compiler:I/O:File:File System:1.2.0
      Source file:   Source\retarget_io.c

   * Component: Keil.ARM Compiler::Compiler:I/O:STDERR:ITM:1.2.0
      Source file:   Source\retarget_io.c

   * Component: Keil.ARM Compiler::Compiler:I/O:STDOUT:ITM:1.2.0
      Source file:   Source\retarget_io.c

   * Component: Keil.MDK-Plus::File System:CORE:LFN Debug:6.13.8
      Source file:   FileSystem\Config\FS_Config.c
      Include file:  FileSystem\Include\rl_fs.h
      Source file:   FileSystem\Config\FS_Debug.c
      Library file:  FileSystem\Lib\ARM\FS_Dbg_LFN_CM3_L.lib

   * Component: Keil.MDK-Plus::File System:Drive:Memory Card:6.13.8
      Include file:  FileSystem\Config\FS_Config_MC.h

   * Component: Keil.MDK-Plus::USB:CORE:Debug:6.14.1
      Include file:  USB\Include\rl_usb.h
      Source file:   USB\Config\USB_Debug.c
      Library file:  USB\Lib\ARM\USB_Dbg_CM3_L.lib

   * Component: Keil.MDK-Plus::USB:Device:6.14.1
      Source file:   USB\Template\USBD_User_Device_SerNum.c
      Source file:   USB\Config\USBD_Config.c
      Source file:   USB\Template\USBD_User_Device.c

   * Component: Keil.MDK-Plus::USB:Device:MSC:6.14.1
      Source file:   USB\Template\USBD_MSC.h
      Source file:   USB\Template\USBD_User_MSC.c
      Include file:  USB\Config\USBD_Config_MSC.h
      Source file:   USB\Template\USBD_User_MSC_LUN.c
      Source file:   USB\Template\USBD_MSC.c

   * Component: Keil::CMSIS Driver:Flash:AT45DB641E:1.3.0
      Source file:   Flash\AT45DB641E\AT45DB641E.c

   * Component: Keil::CMSIS Driver:Flash:AT45DB642D:1.3.0
      Source file:   Flash\AT45DB642D\AT45DB642D.c

   * Component: Keil::CMSIS Driver:Flash:N25Q032A:1.1.0
      Source file:   Flash\N25Q032A\N25Q032A.c

   * Component: Keil::CMSIS Driver:I2C:2.9
      Source file:   CMSIS\Driver\I2C_STM32F4xx.c

   * Component: Keil::CMSIS Driver:MCI:2.8
      Source file:   CMSIS\Driver\MCI_STM32F4xx.c

   * Component: Keil::CMSIS Driver:SPI:2.12
      Source file:   CMSIS\Driver\SPI_STM32F4xx.c

   * Component: Keil::CMSIS Driver:USB Device:Full-speed:2.21
      Source file:   CMSIS\Driver\OTG_FS_STM32F4xx.c
      Source file:   CMSIS\Driver\USBD_FS_STM32F4xx.c

   * Component: Keil::Device:STM32Cube Framework:Classic:1.7.6
      Source file:   MDK\Templates\Src\stm32f4xx_hal_msp.c
      Source file:   MDK\Templates\Src\stm32f4xx_it.c
      Include file:  CMSIS\Driver\Config\RTE_Device.h
      Include file:  MDK\Templates\Inc\stm32f4xx_hal_conf.h
      Include file:  MDK\Templates\Inc\main.h
      Include file:  MDK\Templates\Inc\stm32f4xx_it.h
      Source file:   MDK\Templates\Src\main.c
      Include file:  MDK\Templates_LL\Inc\main.h
      Source file:   MDK\Templates_LL\Src\main.c

   * Component: Keil::Device:STM32Cube HAL:ADC:1.7.6
      Source file:   Drivers\STM32F4xx_HAL_Driver\Src\stm32f4xx_hal_adc.c
      Source file:   Drivers\STM32F4xx_HAL_Driver\Src\stm32f4xx_hal_adc_ex.c

   * Component: Keil::Device:STM32Cube HAL:Common:1.7.6
      Include file:  Drivers\STM32F4xx_HAL_Driver\Inc\stm32f4xx_hal.h
      Source file:   Drivers\STM32F4xx_HAL_Driver\Src\stm32f4xx_hal.c

   * Component: Keil::Device:STM32Cube HAL:Cortex:1.7.6
      Source file:   Drivers\STM32F4xx_HAL_Driver\Src\stm32f4xx_hal_cortex.c

   * Component: Keil::Device:STM32Cube HAL:DMA:1.7.6
      Source file:   Drivers\STM32F4xx_HAL_Driver\Src\stm32f4xx_hal_dma.c
      Source file:   Drivers\STM32F4xx_HAL_Driver\Src\stm32f4xx_hal_dma_ex.c

   * Component: Keil::Device:STM32Cube HAL:Flash:1.7.6
      Source file:   Drivers\STM32F4xx_HAL_Driver\Src\stm32f4xx_hal_flash_ex.c
      Source file:   Drivers\STM32F4xx_HAL_Driver\Src\stm32f4xx_hal_flash.c

   * Component: Keil::Device:STM32Cube HAL:GPIO:1.7.6
      Source file:   Drivers\STM32F4xx_HAL_Driver\Src\stm32f4xx_hal_gpio.c

   * Component: Keil::Device:STM32Cube HAL:I2C:1.7.6
      Source file:   Drivers\STM32F4xx_HAL_Driver\Src\stm32f4xx_hal_i2c.c

   * Component: Keil::Device:STM32Cube HAL:NAND:1.7.6
      Source file:   Drivers\STM32F4xx_HAL_Driver\Src\stm32f4xx_hal_nand.c

   * Component: Keil::Device:STM32Cube HAL:NOR:1.7.6
      Source file:   Drivers\STM32F4xx_HAL_Driver\Src\stm32f4xx_hal_nor.c

   * Component: Keil::Device:STM32Cube HAL:PWR:1.7.6
      Source file:   Drivers\STM32F4xx_HAL_Driver\Src\stm32f4xx_hal_pwr.c
      Source file:   Drivers\STM32F4xx_HAL_Driver\Src\stm32f4xx_hal_pwr_ex.c

   * Component: Keil::Device:STM32Cube HAL:QSPI:1.7.6
      Source file:   Drivers\STM32F4xx_HAL_Driver\Src\stm32f4xx_hal_qspi.c

   * Component: Keil::Device:STM32Cube HAL:RCC:1.7.6
      Source file:   Drivers\STM32F4xx_HAL_Driver\Src\stm32f4xx_hal_rcc.c
      Source file:   Drivers\STM32F4xx_HAL_Driver\Src\stm32f4xx_hal_rcc_ex.c

   * Component: Keil::Device:STM32Cube HAL:SPI:1.7.6
      Source file:   Drivers\STM32F4xx_HAL_Driver\Src\stm32f4xx_hal_spi.c

   * Component: Keil::Device:Startup:2.6.3
      Source file:   Drivers\CMSIS\Device\ST\STM32F4xx\Source\Templates\arm\startup_stm32f412vx.s
      Include file:  Drivers\CMSIS\Device\ST\STM32F4xx\Include\stm32f4xx.h
      Source file:   MDK\Device\Source\ARM\STM32F410xx_412xx_OPT.s
      Source file:   MDK\Device\Source\ARM\STM32F4xx_OTP.s
      Source file:   Drivers\CMSIS\Device\ST\STM32F4xx\Source\Templates\system_stm32f4xx.c
Build Time Elapsed:  00:00:51
</pre>
</body>
</html>
